Component: ARM Compiler 5.06 update 6 (build 750) Tool: armlink [4d35ed]

==============================================================================

Section Cross References

    system_gd32f4xx.o(i.SystemCoreClockUpdate) refers to system_gd32f4xx.o(.data) for SystemCoreClock
    system_gd32f4xx.o(i.SystemInit) refers to system_gd32f4xx.o(i.system_clock_config) for system_clock_config
    system_gd32f4xx.o(i.system_clock_config) refers to system_gd32f4xx.o(i.system_clock_120m_8m_hxtal) for system_clock_120m_8m_hxtal
    startup_gd32f407_427.o(RESET) refers to startup_gd32f407_427.o(STACK) for __initial_sp
    startup_gd32f407_427.o(RESET) refers to startup_gd32f407_427.o(.text) for Reset_Handler
    startup_gd32f407_427.o(RESET) refers to gd32f4xx_it.o(i.NMI_Handler) for NMI_Handler
    startup_gd32f407_427.o(RESET) refers to gd32f4xx_it.o(i.HardFault_Handler) for HardFault_Handler
    startup_gd32f407_427.o(RESET) refers to gd32f4xx_it.o(i.MemManage_Handler) for MemManage_Handler
    startup_gd32f407_427.o(RESET) refers to gd32f4xx_it.o(i.BusFault_Handler) for BusFault_Handler
    startup_gd32f407_427.o(RESET) refers to gd32f4xx_it.o(i.UsageFault_Handler) for UsageFault_Handler
    startup_gd32f407_427.o(RESET) refers to port.o(.emb_text) for SVC_Handler
    startup_gd32f407_427.o(RESET) refers to port.o(i.SysTick_Handler) for SysTick_Handler
    startup_gd32f407_427.o(RESET) refers to capturefrequence.o(i.TIMER0_Channel_IRQHandler) for TIMER0_Channel_IRQHandler
    startup_gd32f407_427.o(RESET) refers to gd485.o(i.USART2_IRQHandler) for USART2_IRQHandler
    startup_gd32f407_427.o(RESET) refers to gd32f4xx_it.o(i.ENET_IRQHandler) for ENET_IRQHandler
    startup_gd32f407_427.o(.text) refers to system_gd32f4xx.o(i.SystemInit) for SystemInit
    startup_gd32f407_427.o(.text) refers to entry.o(.ARM.Collect$$$$00000000) for __main
    gd32f4xx_adc.o(i.adc_deinit) refers to gd32f4xx_rcu.o(i.rcu_periph_reset_enable) for rcu_periph_reset_enable
    gd32f4xx_adc.o(i.adc_deinit) refers to gd32f4xx_rcu.o(i.rcu_periph_reset_disable) for rcu_periph_reset_disable
    gd32f4xx_can.o(i.can_debug_freeze_disable) refers to gd32f4xx_dbg.o(i.dbg_periph_disable) for dbg_periph_disable
    gd32f4xx_can.o(i.can_debug_freeze_enable) refers to gd32f4xx_dbg.o(i.dbg_periph_enable) for dbg_periph_enable
    gd32f4xx_can.o(i.can_deinit) refers to gd32f4xx_rcu.o(i.rcu_periph_reset_enable) for rcu_periph_reset_enable
    gd32f4xx_can.o(i.can_deinit) refers to gd32f4xx_rcu.o(i.rcu_periph_reset_disable) for rcu_periph_reset_disable
    gd32f4xx_can.o(i.can_interrupt_flag_get) refers to gd32f4xx_can.o(i.can_receive_message_length_get) for can_receive_message_length_get
    gd32f4xx_can.o(i.can_interrupt_flag_get) refers to gd32f4xx_can.o(i.can_error_get) for can_error_get
    gd32f4xx_ctc.o(i.ctc_deinit) refers to gd32f4xx_rcu.o(i.rcu_periph_reset_enable) for rcu_periph_reset_enable
    gd32f4xx_ctc.o(i.ctc_deinit) refers to gd32f4xx_rcu.o(i.rcu_periph_reset_disable) for rcu_periph_reset_disable
    gd32f4xx_dac.o(i.dac_deinit) refers to gd32f4xx_rcu.o(i.rcu_periph_reset_enable) for rcu_periph_reset_enable
    gd32f4xx_dac.o(i.dac_deinit) refers to gd32f4xx_rcu.o(i.rcu_periph_reset_disable) for rcu_periph_reset_disable
    gd32f4xx_dci.o(i.dci_deinit) refers to gd32f4xx_rcu.o(i.rcu_periph_reset_enable) for rcu_periph_reset_enable
    gd32f4xx_dci.o(i.dci_deinit) refers to gd32f4xx_rcu.o(i.rcu_periph_reset_disable) for rcu_periph_reset_disable
    gd32f4xx_enet.o(i.enet_deinit) refers to gd32f4xx_rcu.o(i.rcu_periph_reset_enable) for rcu_periph_reset_enable
    gd32f4xx_enet.o(i.enet_deinit) refers to gd32f4xx_rcu.o(i.rcu_periph_reset_disable) for rcu_periph_reset_disable
    gd32f4xx_enet.o(i.enet_deinit) refers to gd32f4xx_enet.o(i.enet_initpara_reset) for enet_initpara_reset
    gd32f4xx_enet.o(i.enet_descriptors_chain_init) refers to gd32f4xx_enet.o(.bss) for txdesc_tab
    gd32f4xx_enet.o(i.enet_descriptors_chain_init) refers to gd32f4xx_enet.o(.data) for dma_current_txdesc
    gd32f4xx_enet.o(i.enet_descriptors_ring_init) refers to gd32f4xx_enet.o(.bss) for txdesc_tab
    gd32f4xx_enet.o(i.enet_descriptors_ring_init) refers to gd32f4xx_enet.o(.data) for dma_current_txdesc
    gd32f4xx_enet.o(i.enet_disable) refers to gd32f4xx_enet.o(i.enet_tx_disable) for enet_tx_disable
    gd32f4xx_enet.o(i.enet_disable) refers to gd32f4xx_enet.o(i.enet_rx_disable) for enet_rx_disable
    gd32f4xx_enet.o(i.enet_enable) refers to gd32f4xx_enet.o(i.enet_tx_enable) for enet_tx_enable
    gd32f4xx_enet.o(i.enet_enable) refers to gd32f4xx_enet.o(i.enet_rx_enable) for enet_rx_enable
    gd32f4xx_enet.o(i.enet_frame_receive) refers to gd32f4xx_enet.o(.data) for dma_current_rxdesc
    gd32f4xx_enet.o(i.enet_frame_transmit) refers to gd32f4xx_enet.o(.data) for dma_current_txdesc
    gd32f4xx_enet.o(i.enet_init) refers to gd32f4xx_enet.o(i.enet_phy_config) for enet_phy_config
[...]
    memp_TCP_PCB                             0x0802cbd4   Data          16  memp.o(.constdata)
    memp_TCP_PCB_LISTEN                      0x0802cbe4   Data          16  memp.o(.constdata)
    memp_TCP_SEG                             0x0802cbf4   Data          16  memp.o(.constdata)
    memp_REASSDATA                           0x0802cc04   Data          16  memp.o(.constdata)
    memp_FRAG_PBUF                           0x0802cc14   Data          16  memp.o(.constdata)
    memp_NETBUF                              0x0802cc24   Data          16  memp.o(.constdata)
    memp_NETCONN                             0x0802cc34   Data          16  memp.o(.constdata)
    memp_TCPIP_MSG_API                       0x0802cc44   Data          16  memp.o(.constdata)
    memp_TCPIP_MSG_INPKT                     0x0802cc54   Data          16  memp.o(.constdata)
    memp_SYS_TIMEOUT                         0x0802cc64   Data          16  memp.o(.constdata)
    memp_PBUF                                0x0802cc74   Data          16  memp.o(.constdata)
    memp_PBUF_POOL                           0x0802cc84   Data          16  memp.o(.constdata)
    memp_pools                               0x0802cc94   Data          48  memp.o(.constdata)
    tcp_pcb_lists                            0x0802cd04   Data          16  tcp.o(.constdata)
    lwip_cyclic_timers                       0x0802cd14   Data          24  timeouts.o(.constdata)
    lwip_num_cyclic_timers                   0x0802cd2c   Data           4  timeouts.o(.constdata)
    ip_addr_any                              0x0802cd30   Data           4  ip4_addr.o(.constdata)
    ip_addr_broadcast                        0x0802cd34   Data           4  ip4_addr.o(.constdata)
    ethbroadcast                             0x0802cd38   Data           6  ethernet.o(.constdata)
    ethzero                                  0x0802cd3e   Data           6  ethernet.o(.constdata)
    Region$$Table$$Base                      0x0802d054   Number         0  anon$$obj.o(Region$$Table)
    Region$$Table$$Limit                     0x0802d084   Number         0  anon$$obj.o(Region$$Table)
    SendData                                 0x10000000   Data       33300  main.o(CCMRAM_SendData)
    SystemCoreClock                          0x20000000   Data           4  system_gd32f4xx.o(.data)
    dma_current_txdesc                       0x20000004   Data           4  gd32f4xx_enet.o(.data)
    dma_current_rxdesc                       0x20000008   Data           4  gd32f4xx_enet.o(.data)
    dma_current_ptp_txdesc                   0x2000000c   Data           4  gd32f4xx_enet.o(.data)
    dma_current_ptp_rxdesc                   0x20000010   Data           4  gd32f4xx_enet.o(.data)
    Set_time                                 0x20000018   Data           6  user_task.o(.data)
    FSD_cnt                                  0x2000001e   Data           1  user_task.o(.data)
    AppTaskCreate_handle                     0x20000020   Data           4  user_task.o(.data)
    samp_task_handle                         0x20000024   Data           4  user_task.o(.data)
    spare_task_handle                        0x20000028   Data           4  user_task.o(.data)
    reset_timer_handle                       0x2000002c   Data           4  user_task.o(.data)
    SysTime                                  0x20000030   Data           8  user_systype.o(.data)
    ReceiveCount                             0x20000038   Data           2  gd485.o(.data)
    remote_netconn                           0x20000044   Data           4  user_tcp_server.o(.data)
    TCP_Server_handle                        0x20000048   Data           4  user_tcp_server.o(.data)
    g_rx_semaphore                           0x20000054   Data           4  ethernetif.o(.data)
    errno                                    0x2000005c   Data           4  sys_arch.o(.data)
    IP_ADDR3                                 0x20000060   Data           1  sys_arch.o(.data)
    lwip_sys_now                             0x20000064   Data           4  sys_arch.o(.data)
    ipaddr                                   0x2000006c   Data           4  sys_arch.o(.data)
    netmask                                  0x20000070   Data           4  sys_arch.o(.data)
    gw                                       0x20000074   Data           4  sys_arch.o(.data)
    IP_ADDRESS                               0x20000078   Data           4  sys_arch.o(.data)
    NETMASK_ADDRESS                          0x2000007c   Data           4  sys_arch.o(.data)
    GATEWAY_ADDRESS                          0x20000080   Data           4  sys_arch.o(.data)
    lock_tcpip_core                          0x20000090   Data           4  tcpip.o(.data)
    netif_list                               0x200000d4   Data           4  netif.o(.data)
    netif_default                            0x200000d8   Data           4  netif.o(.data)
    tcp_ticks                                0x200000e4   Data           4  tcp.o(.data)
    tcp_bound_pcbs                           0x200000e8   Data           4  tcp.o(.data)
    tcp_listen_pcbs                          0x200000ec   Data           4  tcp.o(.data)
    tcp_active_pcbs                          0x200000f0   Data           4  tcp.o(.data)
    tcp_tw_pcbs                              0x200000f4   Data           4  tcp.o(.data)
    tcp_active_pcbs_changed                  0x200000f8   Data           1  tcp.o(.data)
    tcp_input_pcb                            0x20000124   Data           4  tcp_in.o(.data)
    pxCurrentTCB                             0x20000164   Data           4  tasks.o(.data)
    SEGGER_SYSVIEW_TickCnt                   0x200001b4   Data           4  segger_sysview.o(.data)
    SEGGER_SYSVIEW_InterruptId               0x200001b8   Data           4  segger_sysview.o(.data)
    __stdout                                 0x200001d0   Data           4  stdout.o(.data)
    rxdesc_tab                               0x200001d4   Data          80  gd32f4xx_enet.o(.bss)
    txdesc_tab                               0x20000224   Data          80  gd32f4xx_enet.o(.bss)
    rx_buff                                  0x20000274   Data        7620  gd32f4xx_enet.o(.bss)
    tx_buff                                  0x20002038   Data        7620  gd32f4xx_enet.o(.bss)
    KbData                                   0x20003e38   Data         400  main.o(.bss)
    ad_retvalID                              0x20003fdc   Data        8000  user_samp.o(.bss)
    SysProg                                  0x20005f1c   Data         200  user_systype.o(.bss)
    SysCtrl                                  0x20005fe4   Data        1488  user_systype.o(.bss)
    Calib                                    0x200065b4   Data        1104  user_systype.o(.bss)
    SysData                                  0x20006a04   Data         224  user_systype.o(.bss)
    ReceiveBuffer                            0x20006aee   Data          10  gd485.o(.bss)
    gnetif                                   0x20006b18   Data          48  sys_arch.o(.bss)
    ip_data                                  0x20006b48   Data          24  ip.o(.bss)
    ram_heap                                 0x20006b60   Data       10259  mem.o(.bss)
    memp_memory_TCP_PCB_base                 0x20009373   Data         643  memp.o(.bss)
    memp_memory_TCP_PCB_LISTEN_base          0x200095f6   Data          59  memp.o(.bss)
    memp_memory_TCP_SEG_base                 0x20009631   Data        2403  memp.o(.bss)
    memp_memory_REASSDATA_base               0x20009f94   Data         163  memp.o(.bss)
    memp_memory_FRAG_PBUF_base               0x2000a037   Data         363  memp.o(.bss)
    memp_memory_NETBUF_base                  0x2000a1a2   Data          35  memp.o(.bss)
    memp_memory_NETCONN_base                 0x2000a1c5   Data         147  memp.o(.bss)
    memp_memory_TCPIP_MSG_API_base           0x2000a258   Data         131  memp.o(.bss)
    memp_memory_TCPIP_MSG_INPKT_base         0x2000a2db   Data         131  memp.o(.bss)
    memp_memory_SYS_TIMEOUT_base             0x2000a35e   Data          99  memp.o(.bss)
    memp_memory_PBUF_base                    0x2000a3c1   Data         163  memp.o(.bss)
    memp_memory_PBUF_POOL_base               0x2000a464   Data       30643  memp.o(.bss)
    xQueueRegistry                           0x2001e51c   Data          80  queue.o(.bss)
    _SEGGER_RTT                              0x2001e878   Data         168  segger_rtt.o(.bss)
    __initial_sp                             0x2001f6e0   Data           0  startup_gd32f407_427.o(STACK)



==============================================================================

Memory Map of the image

  Image Entry point : 0x08010189

  Load Region LR_IROM1 (Base: 0x08010000, Size: 0x0002546c, Max: 0x00100000, ABSOLUTE, COMPRESSED[0x0001d1a4])

    Execution Region ER_IROM1 (Exec base: 0x08010000, Load base: 0x08010000, Size: 0x0001d084, Max: 0x00100000, ABSOLUTE)

    Exec Addr    Load Addr    Size         Type   Attr      Idx    E Section Name        Object

    0x08010000   0x08010000   0x00000188   Data   RO          154    RESET               startup_gd32f407_427.o
    0x08010188   0x08010188   0x00000000   Code   RO        12366  * .ARM.Collect$$$$00000000  mc_w.l(entry.o)
    0x08010188   0x08010188   0x00000004   Code   RO        12700    .ARM.Collect$$$$00000001  mc_w.l(entry2.o)
    0x0801018c   0x0801018c   0x00000004   Code   RO        12703    .ARM.Collect$$$$00000004  mc_w.l(entry5.o)
    0x08010190   0x08010190   0x00000000   Code   RO        12705    .ARM.Collect$$$$00000008  mc_w.l(entry7b.o)
    0x08010190   0x08010190   0x00000000   Code   RO        12707    .ARM.Collect$$$$0000000A  mc_w.l(entry8b.o)
    0x08010190   0x08010190   0x00000008   Code   RO        12708    .ARM.Collect$$$$0000000B  mc_w.l(entry9a.o)
    0x08010198   0x08010198   0x00000000   Code   RO        12710    .ARM.Collect$$$$0000000D  mc_w.l(entry10a.o)
    0x08010198   0x08010198   0x00000000   Code   RO        12712    .ARM.Collect$$$$0000000F  mc_w.l(entry11a.o)
    0x08010198   0x08010198   0x00000004   Code   RO        12701    .ARM.Collect$$$$00002712  mc_w.l(entry2.o)
    0x0801019c   0x0801019c   0x000000b6   Code   RO        10809    .emb_text           port.o
    0x08010252   0x08010252   0x00000002   PAD
    0x08010254   0x08010254   0x00000024   Code   RO          155    .text               startup_gd32f407_427.o
    0x08010278   0x08010278   0x00000040   Code   RO        12399    .text               mc_w.l(memmovea.o)
    0x080102b8   0x080102b8   0x00000024   Code   RO        12401    .text               mc_w.l(memseta.o)
    0x080102dc   0x080102dc   0x0000001a   Code   RO        12405    .text               mc_w.l(memcmp.o)
    0x080102f6   0x080102f6   0x00000012   Code   RO        12407    .text               mc_w.l(strcpy.o)
    0x08010308   0x08010308   0x0000014e   Code   RO        12678    .text               mf_w.l(dadd.o)
    0x08010456   0x08010456   0x000000e4   Code   RO        12680    .text               mf_w.l(dmul.o)
    0x0801053a   0x0801053a   0x000000de   Code   RO        12682    .text               mf_w.l(ddiv.o)
    0x08010618   0x08010618   0x00000022   Code   RO        12684    .text               mf_w.l(dflti.o)
    0x0801063a   0x0801063a   0x0000001a   Code   RO        12686    .text               mf_w.l(dfltui.o)
    0x08010654   0x08010654   0x0000003e   Code   RO        12688    .text               mf_w.l(dfixi.o)
    0x08010692   0x08010692   0x00000032   Code   RO        12690    .text               mf_w.l(dfixui.o)
    0x080106c4   0x080106c4   0x00000026   Code   RO        12692    .text               mf_w.l(f2d.o)
    0x080106ea   0x080106ea   0x00000002   PAD
    0x080106ec   0x080106ec   0x00000030   Code   RO        12694    .text               mf_w.l(cdcmple.o)
    0x0801071c   0x0801071c   0x00000030   Code   RO        12696    .text               mf_w.l(cdrcmple.o)
    0x0801074c   0x0801074c   0x00000038   Code   RO        12698    .text               mf_w.l(d2f.o)
    0x08010784   0x08010784   0x00000062   Code   RO        12717    .text               mc_w.l(uldiv.o)
    0x080107e6   0x080107e6   0x0000001e   Code   RO        12719    .text               mc_w.l(llshl.o)
    0x08010804   0x08010804   0x00000020   Code   RO        12721    .text               mc_w.l(llushr.o)
    0x08010824   0x08010824   0x00000024   Code   RO        12723    .text               mc_w.l(llsshr.o)
    0x08010848   0x08010848   0x00000000   Code   RO        12734    .text               mc_w.l(iusefp.o)
    0x08010848   0x08010848   0x0000006e   Code   RO        12735    .text               mf_w.l(fepilogue.o)
    0x080108b6   0x080108b6   0x000000ba   Code   RO        12737    .text               mf_w.l(depilogue.o)
    0x08010970   0x08010970   0x00000024   Code   RO        12741    .text               mc_w.l(init.o)
    0x08010994   0x08010994   0x00000056   Code   RO        12755    .text               mc_w.l(__dczerorl2.o)
    0x080109ea   0x080109ea   0x00000002   PAD
    0x080109ec   0x080109ec   0x000000ec   Code   RO         6901    i.AD7606ReadOneSample  ad7606.o
    0x08010ad8   0x08010ad8   0x0000003c   Code   RO         6902    i.AD7606Reset       ad7606.o
    0x08010b14   0x08010b14   0x00000064   Code   RO         6005    i.AbnormalCtrlHandle  user_alarm.o
    0x08010b78   0x08010b78   0x0000001c   Code   RO         6006    i.AbnormalHandle    user_alarm.o
    0x08010b94   0x08010b94   0x00000390   Code   RO         6088    i.AgingStateConfig  user_pc_data.o
    0x08010f24   0x08010f24   0x00001008   Code   RO         6349    i.All_GPIO_Simple_Init  user_all_gpio_init.o
    0x08011f2c   0x08011f2c   0x00000150   Code   RO         5955    i.AppTaskCreate     user_task.o
    0x0801207c   0x0801207c   0x00000028   Code   RO         6286    i.BCD_to_Hex        user_time.o
    0x080120a4   0x080120a4   0x00000004   Code   RO         7032    i.BusFault_Handler  gd32f4xx_it.o
    0x080120a8   0x080120a8   0x00000008   Code   RO         6406    i.CPLD_Ctrl         user_cpld.o
    0x080120b0   0x080120b0   0x0000017c   Code   RO         6407    i.CPLD_Init         user_cpld.o
    0x0801222c   0x0801222c   0x000000d4   Code   RO         6408    i.CPLD_SingleIo_Ctrl  user_cpld.o
    0x08012300   0x08012300   0x00000020   Code   RO         7342    i.Cal_ChanMode      user_ethcommunication.o
    0x08012320   0x08012320   0x00000790   Code   RO         7343    i.Cal_ChanReadData  user_ethcommunication.o
    0x08012ab0   0x08012ab0   0x000009fe   Code   RO         7344    i.Cal_ChanWriteData  user_ethcommunication.o
    0x080134ae   0x080134ae   0x00000002   PAD
    0x080134b0   0x080134b0   0x00000080   Code   RO         6287    i.CalcDeltOfTime    user_time.o
    0x08013530   0x08013530   0x00000010   Code   RO         5831    i.CaliALLData       user_samp.o
    0x08013540   0x08013540   0x00000038   Code   RO         5833    i.CaliCurrChanData  user_samp.o
    0x08013578   0x08013578   0x000000f0   Code   RO         5834    i.CaliTempChanData  user_samp.o
    0x08013668   0x08013668   0x00000090   Code   RO         5835    i.CaliVolChanData   user_samp.o
    0x080136f8   0x080136f8   0x00000022   Code   RO         6199    i.CalibGrade_Selet  user_cali.o
    0x0801371a   0x0801371a   0x0000000c   Code   RO         6288    i.CalibRtcTime      user_time.o
    0x08013726   0x08013726   0x00000016   Code   RO         7345    i.CalibSysTime      user_ethcommunication.o
    0x0801373c   0x0801373c   0x0000040c   Code   RO         5836    i.CheckInitiatingVol  user_samp.o
    0x08013b48   0x08013b48   0x00000374   Code   RO         5837    i.CheckStopVol      user_samp.o
    0x08013ebc   0x08013ebc   0x0000001c   Code   RO         7175    i.Check_Program     user_updata.o
    0x08013ed8   0x08013ed8   0x00000154   Code   RO         6061    i.ClearAgingVarParam  user_programctrl.o
    0x0801402c   0x0801402c   0x000000ac   Code   RO         6062    i.ClearAgingVarParamError  user_programctrl.o
    0x080140d8   0x080140d8   0x00000170   Code   RO         6200    i.Compensation_ID_KB  user_cali.o
    0x08014248   0x08014248   0x0000002c   Code   RO         6833    i.ConCLR            conrelay.o
    0x08014274   0x08014274   0x00000014   Code   RO         6834    i.ConRelayInit      conrelay.o
    0x08014288   0x08014288   0x000005b8   Code   RO         6409    i.Cpld_GPIO_Init    user_cpld.o
    0x08014840   0x08014840   0x00000030   Code   RO         7346    i.Crs               user_ethcommunication.o
    0x08014870   0x08014870   0x0000051c   Code   RO         5838    i.DataPackChanData  user_samp.o
    0x08014d8c   0x08014d8c   0x00000094   Code   RO         6904    i.DigitalFilter_f32  ad7606.o
    0x08014e20   0x08014e20   0x00000048   Code   RO         6905    i.DigitalFilter_f32ID  ad7606.o
    0x08014e68   0x08014e68   0x00000034   Code   RO         7033    i.ENET_IRQHandler   gd32f4xx_it.o
    0x08014e9c   0x08014e9c   0x00000016   Code   RO         6201    i.EraseNorFlashSector  user_cali.o
    0x08014eb2   0x08014eb2   0x00000018   Code   RO         7176    i.Erase_Updata_Program_Area  user_updata.o
    0x08014eca   0x08014eca   0x00000002   PAD
    0x08014ecc   0x08014ecc   0x00000170   Code   RO         6202    i.ErrorCompensation_v  user_cali.o
    0x0801503c   0x0801503c   0x000000d4   Code   RO         7347    i.EthernetInterfaceHandler  user_ethcommunication.o
    0x08015110   0x08015110   0x0000010c   Code   RO         7348    i.EthernetReceiveFailedString  user_ethcommunication.o
    0x0801521c   0x0801521c   0x000001a8   Code   RO         7349    i.EthernetReceiveSuccessString  user_ethcommunication.o
    0x080153c4   0x080153c4   0x00000028   Code   RO         6710    i.FSDSetup          epwm.o
    0x080153ec   0x080153ec   0x0000005c   Code   RO         6711    i.FSDSortControl    epwm.o
    0x08015448   0x08015448   0x00000138   Code   RO         6203    i.FeedBackCalibration_Temp  user_cali.o
    0x08015580   0x08015580   0x0000018c   Code   RO         6204    i.FeedBackCalibration_i  user_cali.o
    0x0801570c   0x0801570c   0x00000168   Code   RO         6205    i.FeedBackCalibration_v  user_cali.o
    0x08015874   0x08015874   0x000000b8   Code   RO         6560    i.Fpga_Disable      fpga.o
    0x0801592c   0x0801592c   0x000000d8   Code   RO         6561    i.Fpga_Enable       fpga.o
    0x08015a04   0x08015a04   0x000002b4   Code   RO         6562    i.Fpga_Send         fpga.o
    0x08015cb8   0x08015cb8   0x0000006c   Code   RO         7351    i.GETEDITION        user_ethcommunication.o
    0x08015d24   0x08015d24   0x0000001c   Code   RO         6966    i.Get_IP            user_eth.o
    0x08015d40   0x08015d40   0x00000060   Code   RO         6289    i.Get_Time_Data     user_time.o
    0x08015da0   0x08015da0   0x00000028   Code   RO         6712    i.HOTSetup          epwm.o
    0x08015dc8   0x08015dc8   0x00000090   Code   RO         6564    i.HRIF_S_Fpga_Init  fpga.o
    0x08015e58   0x08015e58   0x000000f0   Code   RO         6565    i.HRIF_S_Fpga_USE   fpga.o
    0x08015f48   0x08015f48   0x00000004   Code   RO         7034    i.HardFault_Handler  gd32f4xx_it.o
    0x08015f4c   0x08015f4c   0x00000018   Code   RO         6290    i.Hex_to_BCD        user_time.o
    0x08015f64   0x08015f64   0x00000108   Code   RO         6642    i.InitSGM5349Gpio   sgm5349.o
    0x0801606c   0x0801606c   0x00000044   Code   RO         6906    i.Init_AD7606       ad7606.o
    0x080160b0   0x080160b0   0x00000120   Code   RO         6907    i.Init_AD7606GPIO   ad7606.o
    0x080161d0   0x080161d0   0x00000110   Code   RO         6713    i.Init_PID          epwm.o
    0x080162e0   0x080162e0   0x0000019c   Code   RO         6089    i.InitiatingVDVol   user_pc_data.o
    0x0801647c   0x0801647c   0x00000174   Code   RO         6090    i.InitiatingVDVol_Test  user_pc_data.o
    0x080165f0   0x080165f0   0x00000178   Code   RO         6091    i.InitiatingVGVol   user_pc_data.o
    0x08016768   0x08016768   0x00000294   Code   RO         6092    i.InitiatingVol     user_pc_data.o
    0x080169fc   0x080169fc   0x0000028c   Code   RO         6093    i.InitiatingVol_Test  user_pc_data.o
    0x08016c88   0x08016c88   0x00000024   Code   RO         5839    i.MachineCycle      user_samp.o
    0x08016cac   0x08016cac   0x00000004   Code   RO         7035    i.MemManage_Handler  gd32f4xx_it.o
    0x08016cb0   0x08016cb0   0x00000002   Code   RO         7036    i.NMI_Handler       gd32f4xx_it.o
    0x08016cb2   0x08016cb2   0x00000002   PAD
    0x08016cb4   0x08016cb4   0x00000048   Code   RO         7352    i.ONLINEUPDATE1     user_ethcommunication.o
    0x08016cfc   0x08016cfc   0x00000074   Code   RO         7353    i.ONLINEUPDATE2     user_ethcommunication.o
    0x08016d70   0x08016d70   0x000000cc   Code   RO         7354    i.PC_DATAHandler    user_ethcommunication.o
    0x08016e3c   0x08016e3c   0x000000dc   Code   RO         6714    i.PID_Caculate      epwm.o
    0x08016f18   0x08016f18   0x0000019c   Code   RO         6715    i.PWM_GPIO_Init     epwm.o
    0x080170b4   0x080170b4   0x000000d8   Code   RO         6716    i.PWM_TIM2_Init     epwm.o
    0x0801718c   0x0801718c   0x000000e0   Code   RO         6717    i.PWM_TIM3_Init     epwm.o
    0x0801726c   0x0801726c   0x00000028   Code   RO         6094    i.ProgCtrlPause     user_pc_data.o
    0x08017294   0x08017294   0x0000000a   Code   RO         6095    i.ProgCtrlPowerStart  user_pc_data.o
    0x0801729e   0x0801729e   0x00000002   PAD
    0x080172a0   0x080172a0   0x00000048   Code   RO         6096    i.ProgCtrlRecover   user_pc_data.o
    0x080172e8   0x080172e8   0x00000040   Code   RO         6097    i.ProgCtrlRun       user_pc_data.o
    0x08017328   0x08017328   0x0000000a   Code   RO         6098    i.ProgCtrlSTOP      user_pc_data.o
    0x08017332   0x08017332   0x00000002   PAD
    0x08017334   0x08017334   0x00000080   Code   RO         7177    i.Program_Updata_Area  user_updata.o
    0x080173b4   0x080173b4   0x00000090   Code   RO         7569    i.ReConnectTask     sys_arch.o
    0x08017444   0x08017444   0x0000001c   Code   RO         6206    i.ReadKBFromSRAM    user_cali.o
    0x08017460   0x08017460   0x00000ad4   Code   RO         5840    i.Read_AD_Value     user_samp.o
    0x08017f34   0x08017f34   0x00000008   Code   RO         6411    i.Read_DIP_Switch   user_cpld.o
    0x08017f3c   0x08017f3c   0x00000068   Code   RO         7355    i.ReceiveAgingCommand  user_ethcommunication.o
    0x08017fa4   0x08017fa4   0x00000034   Code   RO         7356    i.ReceiveAgingFANInfo  user_ethcommunication.o
    0x08017fd8   0x08017fd8   0x00000144   Code   RO         7357    i.ReceiveAgingTestInfo  user_ethcommunication.o
    0x0801811c   0x0801811c   0x0000043c   Code   RO         7358    i.ReceiveCalibrationKB  user_ethcommunication.o
    0x08018558   0x08018558   0x000003fc   Code   RO         5841    i.RegulationMode    user_samp.o
    0x08018954   0x08018954   0x00000580   Code   RO         5842    i.RegulationVol     user_samp.o
    0x08018ed4   0x08018ed4   0x0000002c   Code   RO         5956    i.Reset_Callback    user_task.o
    0x08018f00   0x08018f00   0x00000012   Code   RO         7178    i.Reset_Updata_Flag  user_updata.o
    0x08018f12   0x08018f12   0x00000002   PAD
    0x08018f14   0x08018f14   0x000000c4   Code   RO         6291    i.Rtc_Time_Init     user_time.o
    0x08018fd8   0x08018fd8   0x00000034   Code   RO         6292    i.RunTime           user_time.o
    0x0801900c   0x0801900c   0x000000a8   Code   RO        11532    i.SEGGER_RTT_ReadNoLock  segger_rtt.o
    0x080190b4   0x080190b4   0x00000048   Code   RO        11542    i.SEGGER_RTT_Write  segger_rtt.o
    0x080190fc   0x080190fc   0x00000084   Code   RO        11545    i.SEGGER_RTT_WriteNoLock  segger_rtt.o
    0x08019180   0x08019180   0x00000098   Code   RO        11546    i.SEGGER_RTT_WriteSkipNoLock  segger_rtt.o
    0x08019218   0x08019218   0x00000022   Code   RO        11750    i.SEGGER_RTT_printf  segger_rtt_printf.o
    0x0801923a   0x0801923a   0x00000002   PAD
    0x0801923c   0x0801923c   0x000002c8   Code   RO        11751    i.SEGGER_RTT_vprintf  segger_rtt_printf.o
    0x08019504   0x08019504   0x000000bc   Code   RO        11798    i.SEGGER_SYSVIEW_GetSysDesc  segger_sysview.o
    0x080195c0   0x080195c0   0x00000034   Code   RO        11806    i.SEGGER_SYSVIEW_OnIdle  segger_sysview.o
    0x080195f4   0x080195f4   0x00000064   Code   RO        11807    i.SEGGER_SYSVIEW_OnTaskCreate  segger_sysview.o
    0x08019658   0x08019658   0x00000064   Code   RO        11808    i.SEGGER_SYSVIEW_OnTaskStartExec  segger_sysview.o
    0x080196bc   0x080196bc   0x00000064   Code   RO        11809    i.SEGGER_SYSVIEW_OnTaskStartReady  segger_sysview.o
    0x08019720   0x08019720   0x0000003c   Code   RO        11827    i.SEGGER_SYSVIEW_RecordSystime  segger_sysview.o
    0x0801975c   0x0801975c   0x0000005c   Code   RO        11828    i.SEGGER_SYSVIEW_RecordU32  segger_sysview.o
    0x080197b8   0x080197b8   0x0000007c   Code   RO        11830    i.SEGGER_SYSVIEW_RecordU32x2  segger_sysview.o
    0x08019834   0x08019834   0x00000098   Code   RO        11831    i.SEGGER_SYSVIEW_RecordU32x3  segger_sysview.o
    0x080198cc   0x080198cc   0x000000b8   Code   RO        11832    i.SEGGER_SYSVIEW_RecordU32x4  segger_sysview.o
    0x08019984   0x08019984   0x00000038   Code   RO        11838    i.SEGGER_SYSVIEW_RecordVoid  segger_sysview.o
    0x080199bc   0x080199bc   0x000000ac   Code   RO        11840    i.SEGGER_SYSVIEW_SendModule  segger_sysview.o
    0x08019a68   0x08019a68   0x00000024   Code   RO        11841    i.SEGGER_SYSVIEW_SendModuleDescription  segger_sysview.o
    0x08019a8c   0x08019a8c   0x00000058   Code   RO        11842    i.SEGGER_SYSVIEW_SendNumModules  segger_sysview.o
    0x08019ae4   0x08019ae4   0x0000010c   Code   RO        11845    i.SEGGER_SYSVIEW_SendTaskInfo  segger_sysview.o
    0x08019bf0   0x08019bf0   0x00000020   Code   RO        11846    i.SEGGER_SYSVIEW_SendTaskList  segger_sysview.o
    0x08019c10   0x08019c10   0x00000010   Code   RO        11848    i.SEGGER_SYSVIEW_ShrinkId  segger_sysview.o
    0x08019c20   0x08019c20   0x000000fc   Code   RO        11849    i.SEGGER_SYSVIEW_Start  segger_sysview.o
    0x08019d1c   0x08019d1c   0x00000044   Code   RO        11850    i.SEGGER_SYSVIEW_Stop  segger_sysview.o
    0x08019d60   0x08019d60   0x00000080   Code   RO        11851    i.SEGGER_SYSVIEW_Warn  segger_sysview.o
    0x08019de0   0x08019de0   0x00000114   Code   RO         6610    i.SGM4588init       sgm4588.o
    0x08019ef4   0x08019ef4   0x000002d0   Code   RO         6643    i.SGM5349_DA        sgm5349.o
    0x0801a1c4   0x0801a1c4   0x000000a8   Code   RO         6644    i.SGM5349_Init      sgm5349.o
    0x0801a26c   0x0801a26c   0x000000a4   Code   RO         6645    i.SGM5349_Output    sgm5349.o
    0x0801a310   0x0801a310   0x000000e4   Code   RO         6646    i.SGM5349_Send_Frame  sgm5349.o
    0x0801a3f4   0x0801a3f4   0x00000068   Code   RO         6647    i.SGM5349_Soft_Reset  sgm5349.o
    0x0801a45c   0x0801a45c   0x0000000a   Code   RO         6648    i.SGM5349_Write_Channel  sgm5349.o
    0x0801a466   0x0801a466   0x00000002   PAD
    0x0801a468   0x0801a468   0x00000054   Code   RO         6649    i.SGM5349_Write_Voltage  sgm5349.o
    0x0801a4bc   0x0801a4bc   0x000000ac   Code   RO        12305    i.SYSVIEW_AddTask   segger_sysview_freertos.o
    0x0801a568   0x0801a568   0x00000110   Code   RO        12306    i.SYSVIEW_DeleteTask  segger_sysview_freertos.o
    0x0801a678   0x0801a678   0x00000032   Code   RO        12307    i.SYSVIEW_SendTaskInfo  segger_sysview_freertos.o
    0x0801a6aa   0x0801a6aa   0x00000002   PAD
    0x0801a6ac   0x0801a6ac   0x000000e4   Code   RO         5843    i.SampTemp          user_samp.o
    0x0801a790   0x0801a790   0x00000234   Code   RO         5957    i.Samp_Task         user_task.o
    0x0801a9c4   0x0801a9c4   0x00000214   Code   RO         5844    i.SampleALLChanData  user_samp.o
    0x0801abd8   0x0801abd8   0x00000060   Code   RO         5846    i.SelectAgingModeSamp  user_samp.o
    0x0801ac38   0x0801ac38   0x0000015c   Code   RO         6611    i.SelectSGM4588Bit  sgm4588.o
    0x0801ad94   0x0801ad94   0x00000054   Code   RO         6612    i.Select_Channel    sgm4588.o
    0x0801ade8   0x0801ade8   0x00000134   Code   RO         6208    i.SeletID_Grade     user_cali.o
    0x0801af1c   0x0801af1c   0x0000040c   Code   RO         6209    i.Selet_Grade       user_cali.o
    0x0801b328   0x0801b328   0x00000220   Code   RO         7359    i.SendAgingTestData  user_ethcommunication.o
    0x0801b548   0x0801b548   0x0000045c   Code   RO         7360    i.SendCalibrationKB  user_ethcommunication.o
    0x0801b9a4   0x0801b9a4   0x00000018   Code   RO         7179    i.Set_Updata_Flag   user_updata.o
    0x0801b9bc   0x0801b9bc   0x0000005a   Code   RO         6908    i.SortValue         ad7606.o
    0x0801ba16   0x0801ba16   0x00000002   PAD
    0x0801ba18   0x0801ba18   0x00000054   Code   RO         5958    i.Spare_Task        user_task.o
    0x0801ba6c   0x0801ba6c   0x000000b4   Code   RO         6007    i.Station1CurrAbnormal  user_alarm.o
    0x0801bb20   0x0801bb20   0x000001a8   Code   RO         6008    i.Station1VolAbnormal  user_alarm.o
    0x0801bcc8   0x0801bcc8   0x000000b4   Code   RO         6009    i.Station2CurrAbnormal  user_alarm.o
    0x0801bd7c   0x0801bd7c   0x00000144   Code   RO         6010    i.Station2VolAbnormal  user_alarm.o
    0x0801bec0   0x0801bec0   0x00000070   Code   RO         6011    i.StationTempAbnormal  user_alarm.o
    0x0801bf30   0x0801bf30   0x0000030c   Code   RO         6718    i.StationTempCtrl   epwm.o
    0x0801c23c   0x0801c23c   0x00000254   Code   RO         6099    i.StopVol           user_pc_data.o
    0x0801c490   0x0801c490   0x00000034   Code   RO        10810    i.SysTick_Handler   port.o
    0x0801c4c4   0x0801c4c4   0x000000c8   Code   RO            4    i.SystemInit        system_gd32f4xx.o
    0x0801c58c   0x0801c58c   0x000000ec   Code   RO         7570    i.TCPIP_Init        sys_arch.o
    0x0801c678   0x0801c678   0x00000038   Code   RO         7221    i.TCP_Server_Init   user_tcp_server.o
    0x0801c6b0   0x0801c6b0   0x00000098   Code   RO         7222    i.TCP_Server_Thread  user_tcp_server.o
    0x0801c748   0x0801c748   0x00000002   Code   RO         6797    i.TIMER0_Channel_IRQHandler  capturefrequence.o
    0x0801c74a   0x0801c74a   0x00000002   PAD
    0x0801c74c   0x0801c74c   0x0000005c   Code   RO         6293    i.TimeCopy          user_time.o
    0x0801c7a8   0x0801c7a8   0x0000004c   Code   RO         6719    i.Timer2Base_init   epwm.o
    0x0801c7f4   0x0801c7f4   0x0000004c   Code   RO         6720    i.Timer3Base_init   epwm.o
    0x0801c840   0x0801c840   0x00000068   Code   RO         6861    i.USART2_IRQHandler  gd485.o
    0x0801c8a8   0x0801c8a8   0x00000004   Code   RO         7037    i.UsageFault_Handler  gd32f4xx_it.o
    0x0801c8ac   0x0801c8ac   0x0000002c   Code   RO         6210    i.WriteNorFlashBlock  user_cali.o
    0x0801c8d8   0x0801c8d8   0x00000070   Code   RO        11549    i._DoInit           segger_rtt.o
    0x0801c948   0x0801c948   0x00000046   Code   RO        11855    i._EncodeStr        segger_sysview.o
    0x0801c98e   0x0801c98e   0x0000001c   Code   RO        11550    i._GetAvailWriteSpace  segger_rtt.o
    0x0801c9aa   0x0801c9aa   0x00000002   PAD
    0x0801c9ac   0x0801c9ac   0x000000a8   Code   RO        11856    i._HandleIncomingPacket  segger_sysview.o
    0x0801ca54   0x0801ca54   0x00000006   Code   RO        11857    i._PreparePacket    segger_sysview.o
    0x0801ca5a   0x0801ca5a   0x000000ec   Code   RO        11752    i._PrintInt         segger_rtt_printf.o
    0x0801cb46   0x0801cb46   0x00000002   PAD
    0x0801cb48   0x0801cb48   0x000000ec   Code   RO        11753    i._PrintUnsigned    segger_rtt_printf.o
    0x0801cc34   0x0801cc34   0x00000134   Code   RO        11860    i._SendPacket       segger_sysview.o
    0x0801cd68   0x0801cd68   0x00000044   Code   RO        11754    i._StoreChar        segger_rtt_printf.o
    0x0801cdac   0x0801cdac   0x00000088   Code   RO        11862    i._TrySendOverflowPacket  segger_sysview.o
    0x0801ce34   0x0801ce34   0x00000076   Code   RO        11552    i._WriteBlocking    segger_rtt.o
    0x0801ceaa   0x0801ceaa   0x00000058   Code   RO        11553    i._WriteNoCheck     segger_rtt.o
    0x0801cf02   0x0801cf02   0x00000002   PAD
    0x0801cf04   0x0801cf04   0x00000020   Code   RO        12548    i.__0printf$5       mc_w.l(printf5.o)
    0x0801cf24   0x0801cf24   0x0000000e   Code   RO        12749    i.__scatterload_copy  mc_w.l(handlers.o)
    0x0801cf32   0x0801cf32   0x00000002   Code   RO        12750    i.__scatterload_null  mc_w.l(handlers.o)
    0x0801cf34   0x0801cf34   0x0000000e   Code   RO        12751    i.__scatterload_zeroinit  mc_w.l(handlers.o)
    0x0801cf42   0x0801cf42   0x00000002   PAD
    0x0801cf44   0x0801cf44   0x000002c0   Code   RO        12555    i._printf_core      mc_w.l(printf5.o)
    0x0801d204   0x0801d204   0x00000140   Code   RO         7997    i.accept_function   api_msg.o
    0x0801d344   0x0801d344   0x00000058   Code   RO         8828    i.do_memp_free_pool  memp.o
    0x0801d39c   0x0801d39c   0x00000068   Code   RO         8829    i.do_memp_malloc_pool  memp.o
    0x0801d404   0x0801d404   0x00000068   Code   RO         1458    i.enet_default_init  gd32f4xx_enet.o
    0x0801d46c   0x0801d46c   0x00000018   Code   RO         1459    i.enet_deinit       gd32f4xx_enet.o
    0x0801d484   0x0801d484   0x00000018   Code   RO         1460    i.enet_delay        gd32f4xx_enet.o
    0x0801d49c   0x0801d49c   0x00000064   Code   RO         1464    i.enet_desc_information_get  gd32f4xx_enet.o
    0x0801d500   0x0801d500   0x000000c8   Code   RO         1466    i.enet_descriptors_chain_init  gd32f4xx_enet.o
    0x0801d5c8   0x0801d5c8   0x0000000c   Code   RO         1473    i.enet_enable       gd32f4xx_enet.o
    0x0801d5d4   0x0801d5d4   0x000000f8   Code   RO         1483    i.enet_frame_receive  gd32f4xx_enet.o
    0x0801d6cc   0x0801d6cc   0x000000cc   Code   RO         1484    i.enet_frame_transmit  gd32f4xx_enet.o
    0x0801d798   0x0801d798   0x000001d8   Code   RO         6992    i.enet_gpio_config  gd32f4xx_enet_eval.o
    0x0801d970   0x0801d970   0x00000364   Code   RO         1485    i.enet_init         gd32f4xx_enet.o
    0x0801dcd4   0x0801dcd4   0x00000028   Code   RO         1487    i.enet_initpara_reset  gd32f4xx_enet.o
    0x0801dcfc   0x0801dcfc   0x00000048   Code   RO         1489    i.enet_interrupt_enable  gd32f4xx_enet.o
    0x0801dd44   0x0801dd44   0x00000018   Code   RO         1490    i.enet_interrupt_flag_clear  gd32f4xx_enet.o
    0x0801dd5c   0x0801dd5c   0x00000024   Code   RO         1491    i.enet_interrupt_flag_get  gd32f4xx_enet.o
    0x0801dd80   0x0801dd80   0x00000030   Code   RO         1493    i.enet_mac_address_set  gd32f4xx_enet.o
    0x0801ddb0   0x0801ddb0   0x00000040   Code   RO         6993    i.enet_mac_dma_config  gd32f4xx_enet_eval.o
    0x0801ddf0   0x0801ddf0   0x000000d8   Code   RO         1503    i.enet_phy_config   gd32f4xx_enet.o
    0x0801dec8   0x0801dec8   0x0000009c   Code   RO         1504    i.enet_phy_write_read  gd32f4xx_enet.o
    0x0801df64   0x0801df64   0x0000000a   Code   RO         1522    i.enet_rx_desc_immediate_receive_complete_interrupt  gd32f4xx_enet.o
    0x0801df6e   0x0801df6e   0x00000002   PAD
    0x0801df70   0x0801df70   0x00000024   Code   RO         1524    i.enet_rx_enable    gd32f4xx_enet.o
    0x0801df94   0x0801df94   0x0000003c   Code   RO         1528    i.enet_software_reset  gd32f4xx_enet.o
    0x0801dfd0   0x0801dfd0   0x00000030   Code   RO         6994    i.enet_system_setup  gd32f4xx_enet_eval.o
    0x0801e000   0x0801e000   0x00000028   Code   RO         1531    i.enet_tx_enable    gd32f4xx_enet.o
    0x0801e028   0x0801e028   0x00000034   Code   RO         1532    i.enet_txfifo_flush  gd32f4xx_enet.o
    0x0801e05c   0x0801e05c   0x00000184   Code   RO         7998    i.err_tcp           api_msg.o
    0x0801e1e0   0x0801e1e0   0x00000038   Code   RO        10048    i.etharp_cleanup_netif  etharp.o
    0x0801e218   0x0801e218   0x00000290   Code   RO        10050    i.etharp_find_entry  etharp.o
    0x0801e4a8   0x0801e4a8   0x00000078   Code   RO        10051    i.etharp_free_entry  etharp.o
    0x0801e520   0x0801e520   0x000000ec   Code   RO        10053    i.etharp_input      etharp.o
    0x0801e60c   0x0801e60c   0x000001a8   Code   RO        10054    i.etharp_output     etharp.o
    0x0801e7b4   0x0801e7b4   0x00000100   Code   RO        10055    i.etharp_output_to_arp_index  etharp.o
    0x0801e8b4   0x0801e8b4   0x0000023c   Code   RO        10056    i.etharp_query      etharp.o
    0x0801eaf0   0x0801eaf0   0x00000118   Code   RO        10057    i.etharp_raw        etharp.o
    0x0801ec08   0x0801ec08   0x0000001c   Code   RO        10058    i.etharp_request    etharp.o
    0x0801ec24   0x0801ec24   0x0000002c   Code   RO        10059    i.etharp_request_dst  etharp.o
    0x0801ec50   0x0801ec50   0x000000e4   Code   RO        10060    i.etharp_tmr        etharp.o
    0x0801ed34   0x0801ed34   0x00000100   Code   RO        10061    i.etharp_update_arp_entry  etharp.o
    0x0801ee34   0x0801ee34   0x000000d8   Code   RO        10446    i.ethernet_input    ethernet.o
    0x0801ef0c   0x0801ef0c   0x000000a4   Code   RO        10447    i.ethernet_output   ethernet.o
    0x0801efb0   0x0801efb0   0x0000004c   Code   RO         7510    i.ethernetif_init   ethernetif.o
    0x0801effc   0x0801effc   0x00000054   Code   RO         7511    i.ethernetif_input  ethernetif.o
    0x0801f050   0x0801f050   0x00000016   Code   RO         1990    i.exmc_norsram_enable  gd32f4xx_exmc.o
    0x0801f066   0x0801f066   0x00000002   PAD
    0x0801f068   0x0801f068   0x000000e4   Code   RO         1991    i.exmc_norsram_init  gd32f4xx_exmc.o
    0x0801f14c   0x0801f14c   0x00000050   Code   RO         2346    i.fmc_byte_program  gd32f4xx_fmc.o
    0x0801f19c   0x0801f19c   0x00000054   Code   RO         2349    i.fmc_halfword_program  gd32f4xx_fmc.o
    0x0801f1f0   0x0801f1f0   0x00000014   Code   RO         2354    i.fmc_lock          gd32f4xx_fmc.o
    0x0801f204   0x0801f204   0x00000020   Code   RO         2356    i.fmc_ready_wait    gd32f4xx_fmc.o
    0x0801f224   0x0801f224   0x00000060   Code   RO         2357    i.fmc_sector_erase  gd32f4xx_fmc.o
    0x0801f284   0x0801f284   0x0000004c   Code   RO         2358    i.fmc_state_get     gd32f4xx_fmc.o
    0x0801f2d0   0x0801f2d0   0x00000024   Code   RO         2359    i.fmc_unlock        gd32f4xx_fmc.o
    0x0801f2f4   0x0801f2f4   0x00000054   Code   RO         2360    i.fmc_word_program  gd32f4xx_fmc.o
    0x0801f348   0x0801f348   0x00000002   Code   RO         6967    i.fputc             user_eth.o
    0x0801f34a   0x0801f34a   0x0000005e   Code   RO         2630    i.gpio_af_set       gd32f4xx_gpio.o
    0x0801f3a8   0x0801f3a8   0x00000004   Code   RO         2632    i.gpio_bit_set      gd32f4xx_gpio.o
    0x0801f3ac   0x0801f3ac   0x0000000a   Code   RO         2634    i.gpio_bit_write    gd32f4xx_gpio.o
    0x0801f3b6   0x0801f3b6   0x00000010   Code   RO         2636    i.gpio_input_bit_get  gd32f4xx_gpio.o
    0x0801f3c6   0x0801f3c6   0x0000004e   Code   RO         2638    i.gpio_mode_set     gd32f4xx_gpio.o
    0x0801f414   0x0801f414   0x00000010   Code   RO         2639    i.gpio_output_bit_get  gd32f4xx_gpio.o
    0x0801f424   0x0801f424   0x00000042   Code   RO         2640    i.gpio_output_options_set  gd32f4xx_gpio.o
    0x0801f466   0x0801f466   0x00000012   Code   RO        10150    i.icmp_dest_unreach  icmp.o
    0x0801f478   0x0801f478   0x00000288   Code   RO        10151    i.icmp_input        icmp.o
    0x0801f700   0x0801f700   0x000000d4   Code   RO        10152    i.icmp_send_response  icmp.o
    0x0801f7d4   0x0801f7d4   0x00000012   Code   RO        10153    i.icmp_time_exceeded  icmp.o
    0x0801f7e6   0x0801f7e6   0x00000014   Code   RO         8605    i.inet_chksum       inet_chksum.o
    0x0801f7fa   0x0801f7fa   0x00000056   Code   RO         8606    i.inet_chksum_pbuf  inet_chksum.o
    0x0801f850   0x0801f850   0x0000004c   Code   RO         8607    i.inet_chksum_pseudo  inet_chksum.o
    0x0801f89c   0x0801f89c   0x0000008c   Code   RO         8609    i.inet_cksum_pseudo_base  inet_chksum.o
    0x0801f928   0x0801f928   0x0000004e   Code   RO        10265    i.ip4_addr_isbroadcast_u32  ip4_addr.o
    0x0801f976   0x0801f976   0x00000002   PAD
    0x0801f978   0x0801f978   0x00000254   Code   RO        10329    i.ip4_frag          ip4_frag.o
    0x0801fbcc   0x0801fbcc   0x000001e0   Code   RO        10204    i.ip4_input         ip4.o
    0x0801fdac   0x0801fdac   0x0000003c   Code   RO        10205    i.ip4_input_accept  ip4.o
    0x0801fde8   0x0801fde8   0x00000036   Code   RO        10207    i.ip4_output_if     ip4.o
    0x0801fe1e   0x0801fe1e   0x00000002   PAD
    0x0801fe20   0x0801fe20   0x000001a0   Code   RO        10208    i.ip4_output_if_src  ip4.o
    0x0801ffc0   0x0801ffc0   0x000002a4   Code   RO        10330    i.ip4_reass         ip4_frag.o
    0x08020264   0x08020264   0x00000098   Code   RO        10209    i.ip4_route         ip4.o
    0x080202fc   0x080202fc   0x00000024   Code   RO         8611    i.ip_chksum_pseudo  inet_chksum.o
    0x08020320   0x08020320   0x0000000a   Code   RO        10331    i.ip_frag_alloc_pbuf_custom_ref  ip4_frag.o
    0x0802032a   0x0802032a   0x00000002   PAD
    0x0802032c   0x0802032c   0x0000002c   Code   RO        10332    i.ip_frag_free_pbuf_custom_ref  ip4_frag.o
    0x08020358   0x08020358   0x00000274   Code   RO        10333    i.ip_reass_chain_frag_into_datagram_and_validate  ip4_frag.o
    0x080205cc   0x080205cc   0x00000054   Code   RO        10334    i.ip_reass_dequeue_datagram  ip4_frag.o
    0x08020620   0x08020620   0x00000058   Code   RO        10335    i.ip_reass_enqueue_new_datagram  ip4_frag.o
    0x08020678   0x08020678   0x0000015c   Code   RO        10336    i.ip_reass_free_complete_datagram  ip4_frag.o
    0x080207d4   0x080207d4   0x00000088   Code   RO        10337    i.ip_reass_remove_oldest_datagram  ip4_frag.o
    0x0802085c   0x0802085c   0x0000003c   Code   RO        10338    i.ip_reass_tmr      ip4_frag.o
    0x08020898   0x08020898   0x00000054   Code   RO        10339    i.ipfrag_free_pbuf_custom  ip4_frag.o
    0x080208ec   0x080208ec   0x000000e4   Code   RO         7512    i.low_level_init    ethernetif.o
    0x080209d0   0x080209d0   0x00000064   Code   RO         7513    i.low_level_input   ethernetif.o
    0x08020a34   0x08020a34   0x000000b8   Code   RO         7514    i.low_level_output  ethernetif.o
    0x08020aec   0x08020aec   0x00000050   Code   RO         9922    i.lwip_cyclic_timer  timeouts.o
    0x08020b3c   0x08020b3c   0x0000001a   Code   RO         8541    i.lwip_htonl        def.o
    0x08020b56   0x08020b56   0x0000000c   Code   RO         8542    i.lwip_htons        def.o
    0x08020b62   0x08020b62   0x00000002   PAD
    0x08020b64   0x08020b64   0x0000003c   Code   RO         8674    i.lwip_init         init.o
    0x08020ba0   0x08020ba0   0x00000038   Code   RO         7999    i.lwip_netconn_do_bind  api_msg.o
    0x08020bd8   0x08020bd8   0x000000e8   Code   RO         8001    i.lwip_netconn_do_close  api_msg.o
    0x08020cc0   0x08020cc0   0x000002c4   Code   RO         8002    i.lwip_netconn_do_close_internal  api_msg.o
    0x08020f84   0x08020f84   0x00000184   Code   RO         8005    i.lwip_netconn_do_delconn  api_msg.o
    0x08021108   0x08021108   0x000000e0   Code   RO         8008    i.lwip_netconn_do_listen  api_msg.o
    0x080211e8   0x080211e8   0x00000018   Code   RO         8009    i.lwip_netconn_do_newconn  api_msg.o
    0x08021200   0x08021200   0x00000048   Code   RO         8010    i.lwip_netconn_do_recv  api_msg.o
    0x08021248   0x08021248   0x000000f8   Code   RO         8012    i.lwip_netconn_do_write  api_msg.o
    0x08021340   0x08021340   0x00000388   Code   RO         8013    i.lwip_netconn_do_writemore  api_msg.o
    0x080216c8   0x080216c8   0x00000054   Code   RO         8014    i.lwip_netconn_err_to_msg  api_msg.o
    0x0802171c   0x0802171c   0x0000005c   Code   RO         8015    i.lwip_netconn_is_err_msg  api_msg.o
    0x08021778   0x08021778   0x0000005e   Code   RO         8613    i.lwip_standard_chksum  inet_chksum.o
    0x080217d6   0x080217d6   0x00000002   PAD
    0x080217d8   0x080217d8   0x00000058   Code   RO         5651    i.main              main.o
    0x08021830   0x08021830   0x000001a4   Code   RO         8761    i.mem_free          mem.o
    0x080219d4   0x080219d4   0x00000094   Code   RO         8762    i.mem_init          mem.o
    0x08021a68   0x08021a68   0x00000058   Code   RO         8763    i.mem_link_valid    mem.o
    0x08021ac0   0x08021ac0   0x00000240   Code   RO         8764    i.mem_malloc        mem.o
    0x08021d00   0x08021d00   0x00000010   Code   RO         8765    i.mem_to_ptr        mem.o
    0x08021d10   0x08021d10   0x000001dc   Code   RO         8766    i.mem_trim          mem.o
    0x08021eec   0x08021eec   0x00000050   Code   RO         8830    i.memp_free         memp.o
    0x08021f3c   0x08021f3c   0x00000020   Code   RO         8832    i.memp_init         memp.o
    0x08021f5c   0x08021f5c   0x0000002c   Code   RO         8833    i.memp_init_pool    memp.o
    0x08021f88   0x08021f88   0x00000050   Code   RO         8834    i.memp_malloc       memp.o
    0x08021fd8   0x08021fd8   0x00000020   Code   RO         8258    i.netbuf_delete     netbuf.o
    0x08021ff8   0x08021ff8   0x000000fc   Code   RO         7784    i.netconn_accept    api_lib.o
    0x080220f4   0x080220f4   0x000000b4   Code   RO         8016    i.netconn_alloc     api_msg.o
    0x080221a8   0x080221a8   0x00000026   Code   RO         7785    i.netconn_apimsg    api_lib.o
    0x080221ce   0x080221ce   0x00000002   PAD
    0x080221d0   0x080221d0   0x00000060   Code   RO         7786    i.netconn_bind      api_lib.o
    0x08022230   0x08022230   0x0000000e   Code   RO         7788    i.netconn_close     api_lib.o
    0x0802223e   0x0802223e   0x00000002   PAD
    0x08022240   0x08022240   0x0000005c   Code   RO         7789    i.netconn_close_shutdown  api_lib.o
    0x0802229c   0x0802229c   0x0000001e   Code   RO         7791    i.netconn_delete    api_lib.o
    0x080222ba   0x080222ba   0x000000aa   Code   RO         8017    i.netconn_drain     api_msg.o
    0x08022364   0x08022364   0x00000022   Code   RO         7793    i.netconn_err       api_lib.o
    0x08022386   0x08022386   0x00000002   PAD
    0x08022388   0x08022388   0x00000108   Code   RO         8018    i.netconn_free      api_msg.o
    0x08022490   0x08022490   0x00000054   Code   RO         7795    i.netconn_listen_with_backlog  api_lib.o
    0x080224e4   0x080224e4   0x00000130   Code   RO         7796    i.netconn_new_with_proto_and_callback  api_lib.o
    0x08022614   0x08022614   0x00000030   Code   RO         7797    i.netconn_prepare_delete  api_lib.o
    0x08022644   0x08022644   0x000000d4   Code   RO         7798    i.netconn_recv      api_lib.o
    0x08022718   0x08022718   0x00000134   Code   RO         7799    i.netconn_recv_data  api_lib.o
    0x0802284c   0x0802284c   0x000000bc   Code   RO         7800    i.netconn_recv_data_tcp  api_lib.o
    0x08022908   0x08022908   0x00000060   Code   RO         7809    i.netconn_tcp_recvd_msg  api_lib.o
    0x08022968   0x08022968   0x00000028   Code   RO         7810    i.netconn_write_partly  api_lib.o
    0x08022990   0x08022990   0x00000168   Code   RO         7811    i.netconn_write_vectors_partly  api_lib.o
    0x08022af8   0x08022af8   0x000001d0   Code   RO         8931    i.netif_add         netif.o
    0x08022cc8   0x08022cc8   0x00000010   Code   RO         8933    i.netif_do_ip_addr_changed  netif.o
    0x08022cd8   0x08022cd8   0x0000002a   Code   RO         8934    i.netif_do_set_gw   netif.o
    0x08022d02   0x08022d02   0x00000002   PAD
    0x08022d04   0x08022d04   0x00000078   Code   RO         8935    i.netif_do_set_ipaddr  netif.o
    0x08022d7c   0x08022d7c   0x0000002a   Code   RO         8936    i.netif_do_set_netmask  netif.o
    0x08022da6   0x08022da6   0x00000002   PAD
    0x08022da8   0x08022da8   0x00000028   Code   RO         8938    i.netif_get_by_index  netif.o
    0x08022dd0   0x08022dd0   0x00000002   Code   RO         8940    i.netif_init        netif.o
    0x08022dd2   0x08022dd2   0x00000002   PAD
    0x08022dd4   0x08022dd4   0x00000070   Code   RO         8942    i.netif_issue_reports  netif.o
    0x08022e44   0x08022e44   0x00000008   Code   RO         8944    i.netif_null_output_ip4  netif.o
    0x08022e4c   0x08022e4c   0x00000060   Code   RO         8946    i.netif_set_addr    netif.o
    0x08022eac   0x08022eac   0x00000010   Code   RO         8947    i.netif_set_default  netif.o
    0x08022ebc   0x08022ebc   0x00000064   Code   RO         8948    i.netif_set_down    netif.o
    0x08022f20   0x08022f20   0x00000060   Code   RO         8952    i.netif_set_link_up  netif.o
    0x08022f80   0x08022f80   0x00000058   Code   RO         8954    i.netif_set_up      netif.o
    0x08022fd8   0x08022fd8   0x0000000e   Code   RO         6995    i.nvic_configuration  gd32f4xx_enet_eval.o
    0x08022fe6   0x08022fe6   0x00000002   PAD
    0x08022fe8   0x08022fe8   0x000000c4   Code   RO         3206    i.nvic_irq_enable   gd32f4xx_misc.o
    0x080230ac   0x080230ac   0x00000014   Code   RO         3207    i.nvic_priority_group_set  gd32f4xx_misc.o
    0x080230c0   0x080230c0   0x00000012   Code   RO         9103    i.pbuf_add_header   pbuf.o
    0x080230d2   0x080230d2   0x00000002   PAD
    0x080230d4   0x080230d4   0x00000090   Code   RO         9105    i.pbuf_add_header_impl  pbuf.o
    0x08023164   0x08023164   0x0000022c   Code   RO         9106    i.pbuf_alloc        pbuf.o
    0x08023390   0x08023390   0x00000060   Code   RO         9107    i.pbuf_alloc_reference  pbuf.o
    0x080233f0   0x080233f0   0x0000005a   Code   RO         9108    i.pbuf_alloced_custom  pbuf.o
    0x0802344a   0x0802344a   0x00000002   PAD
    0x0802344c   0x0802344c   0x000000dc   Code   RO         9109    i.pbuf_cat          pbuf.o
    0x08023528   0x08023528   0x00000012   Code   RO         9111    i.pbuf_clen         pbuf.o
    0x0802353a   0x0802353a   0x00000002   PAD
    0x0802353c   0x0802353c   0x00000050   Code   RO         9112    i.pbuf_clone        pbuf.o
    0x0802358c   0x0802358c   0x000001a4   Code   RO         9114    i.pbuf_copy         pbuf.o
    0x08023730   0x08023730   0x000000d8   Code   RO         9115    i.pbuf_copy_partial  pbuf.o
    0x08023808   0x08023808   0x00000138   Code   RO         9117    i.pbuf_free         pbuf.o
    0x08023940   0x08023940   0x00000012   Code   RO         9122    i.pbuf_header_force  pbuf.o
    0x08023952   0x08023952   0x00000022   Code   RO         9123    i.pbuf_header_impl  pbuf.o
    0x08023974   0x08023974   0x0000001e   Code   RO         9124    i.pbuf_init_alloced_pbuf  pbuf.o
    0x08023992   0x08023992   0x00000002   PAD
    0x08023994   0x08023994   0x000000f0   Code   RO         9128    i.pbuf_realloc      pbuf.o
    0x08023a84   0x08023a84   0x00000048   Code   RO         9129    i.pbuf_ref          pbuf.o
    0x08023acc   0x08023acc   0x00000090   Code   RO         9130    i.pbuf_remove_header  pbuf.o
    0x08023b5c   0x08023b5c   0x00000074   Code   RO         8019    i.pcb_new           api_msg.o
    0x08023bd0   0x08023bd0   0x00000160   Code   RO         8767    i.plug_holes        mem.o
    0x08023d30   0x08023d30   0x00000014   Code   RO         3263    i.pmu_backup_write_enable  gd32f4xx_pmu.o
    0x08023d44   0x08023d44   0x000000a0   Code   RO         8020    i.poll_tcp          api_msg.o
    0x08023de4   0x08023de4   0x00000098   Code   RO        11082    i.prvAddCurrentTaskToDelayedList  tasks.o
    0x08023e7c   0x08023e7c   0x000000d8   Code   RO        11083    i.prvAddNewTaskToReadyList  tasks.o
    0x08023f54   0x08023f54   0x00000064   Code   RO        11393    i.prvCheckForValidListAndQueue  timers.o
    0x08023fb8   0x08023fb8   0x00000064   Code   RO        11084    i.prvCheckTasksWaitingTermination  tasks.o
    0x0802401c   0x0802401c   0x0000002a   Code   RO        10895    i.prvCopyDataFromQueue  queue.o
    0x08024046   0x08024046   0x0000007c   Code   RO        10896    i.prvCopyDataToQueue  queue.o
    0x080240c2   0x080240c2   0x00000012   Code   RO        11085    i.prvDeleteTCB      tasks.o
    0x080240d4   0x080240d4   0x00000028   Code   RO        11394    i.prvGetNextExpireTime  timers.o
    0x080240fc   0x080240fc   0x0000007c   Code   RO        10696    i.prvHeapInit       heap_4.o
    0x08024178   0x08024178   0x00000028   Code   RO        11086    i.prvIdleTask       tasks.o
    0x080241a0   0x080241a0   0x0000001c   Code   RO        10897    i.prvInitialiseMutex  queue.o
    0x080241bc   0x080241bc   0x00000032   Code   RO        10898    i.prvInitialiseNewQueue  queue.o
    0x080241ee   0x080241ee   0x000000ba   Code   RO        11087    i.prvInitialiseNewTask  tasks.o
    0x080242a8   0x080242a8   0x0000004e   Code   RO        11395    i.prvInitialiseNewTimer  timers.o
    0x080242f6   0x080242f6   0x00000002   PAD
    0x080242f8   0x080242f8   0x00000068   Code   RO        11088    i.prvInitialiseTaskLists  tasks.o
    0x08024360   0x08024360   0x00000068   Code   RO        10697    i.prvInsertBlockIntoFreeList  heap_4.o
    0x080243c8   0x080243c8   0x00000058   Code   RO        11396    i.prvInsertTimerInActiveList  timers.o
    0x08024420   0x08024420   0x0000001a   Code   RO        10899    i.prvIsQueueEmpty   queue.o
    0x0802443a   0x0802443a   0x0000001e   Code   RO        10900    i.prvIsQueueFull    queue.o
    0x08024458   0x08024458   0x00000064   Code   RO        11397    i.prvProcessExpiredTimer  timers.o
    0x080244bc   0x080244bc   0x000000f8   Code   RO        11398    i.prvProcessReceivedCommands  timers.o
    0x080245b4   0x080245b4   0x00000074   Code   RO        11399    i.prvProcessTimerOrBlockTask  timers.o
    0x08024628   0x08024628   0x00000034   Code   RO        11089    i.prvResetNextTaskUnblockTime  tasks.o
    0x0802465c   0x0802465c   0x0000002c   Code   RO        11400    i.prvSampleTimeNow  timers.o
    0x08024688   0x08024688   0x000000a0   Code   RO        11401    i.prvSwitchTimerLists  timers.o
    0x08024728   0x08024728   0x00000040   Code   RO        10811    i.prvTaskExitError  port.o
    0x08024768   0x08024768   0x0000001a   Code   RO        11402    i.prvTimerTask      timers.o
    0x08024782   0x08024782   0x0000007e   Code   RO        10901    i.prvUnlockQueue    queue.o
    0x08024800   0x08024800   0x00000010   Code   RO         8768    i.ptr_to_mem        mem.o
    0x08024810   0x08024810   0x0000013c   Code   RO        10698    i.pvPortMalloc      heap_4.o
    0x0802494c   0x0802494c   0x00000020   Code   RO        11093    i.pvTaskIncrementMutexHeldCount  tasks.o
    0x0802496c   0x0802496c   0x0000002c   Code   RO        10812    i.pxPortInitialiseStack  port.o
    0x08024998   0x08024998   0x00000124   Code   RO         3411    i.rcu_clock_freq_get  gd32f4xx_rcu.o
    0x08024abc   0x08024abc   0x00000024   Code   RO         3414    i.rcu_flag_get      gd32f4xx_rcu.o
    0x08024ae0   0x08024ae0   0x00000024   Code   RO         3426    i.rcu_osci_off      gd32f4xx_rcu.o
    0x08024b04   0x08024b04   0x00000024   Code   RO         3427    i.rcu_osci_on       gd32f4xx_rcu.o
    0x08024b28   0x08024b28   0x0000015c   Code   RO         3428    i.rcu_osci_stab_wait  gd32f4xx_rcu.o
    0x08024c84   0x08024c84   0x00000024   Code   RO         3429    i.rcu_periph_clock_disable  gd32f4xx_rcu.o
    0x08024ca8   0x08024ca8   0x00000024   Code   RO         3430    i.rcu_periph_clock_enable  gd32f4xx_rcu.o
    0x08024ccc   0x08024ccc   0x00000024   Code   RO         3433    i.rcu_periph_reset_disable  gd32f4xx_rcu.o
    0x08024cf0   0x08024cf0   0x00000024   Code   RO         3434    i.rcu_periph_reset_enable  gd32f4xx_rcu.o
    0x08024d14   0x08024d14   0x00000018   Code   RO         3439    i.rcu_rtc_clock_config  gd32f4xx_rcu.o
    0x08024d2c   0x08024d2c   0x00000134   Code   RO         8021    i.recv_tcp          api_msg.o
    0x08024e60   0x08024e60   0x00000064   Code   RO         3711    i.rtc_current_time_get  gd32f4xx_rtc.o
    0x08024ec4   0x08024ec4   0x000000cc   Code   RO         3712    i.rtc_deinit        gd32f4xx_rtc.o
    0x08024f90   0x08024f90   0x000000c4   Code   RO         3716    i.rtc_init          gd32f4xx_rtc.o
    0x08025054   0x08025054   0x00000048   Code   RO         3717    i.rtc_init_mode_enter  gd32f4xx_rtc.o
    0x0802509c   0x0802509c   0x00000014   Code   RO         3718    i.rtc_init_mode_exit  gd32f4xx_rtc.o
    0x080250b0   0x080250b0   0x00000060   Code   RO         3723    i.rtc_register_sync_wait  gd32f4xx_rtc.o
    0x08025110   0x08025110   0x00000088   Code   RO         8022    i.sent_tcp          api_msg.o
    0x08025198   0x08025198   0x00000044   Code   RO         8023    i.setup_tcp         api_msg.o
    0x080251dc   0x080251dc   0x0000004a   Code   RO         7571    i.sys_arch_mbox_fetch  sys_arch.o
    0x08025226   0x08025226   0x00000024   Code   RO         7572    i.sys_arch_mbox_tryfetch  sys_arch.o
    0x0802524a   0x0802524a   0x0000000a   Code   RO         7573    i.sys_arch_protect  sys_arch.o
    0x08025254   0x08025254   0x00000048   Code   RO         7574    i.sys_arch_sem_wait  sys_arch.o
    0x0802529c   0x0802529c   0x0000000a   Code   RO         7576    i.sys_arch_unprotect  sys_arch.o
    0x080252a6   0x080252a6   0x00000002   PAD
    0x080252a8   0x080252a8   0x00000054   Code   RO         9923    i.sys_check_timeouts  timeouts.o
    0x080252fc   0x080252fc   0x0000002c   Code   RO         7577    i.sys_init          sys_arch.o
    0x08025328   0x08025328   0x00000012   Code   RO         7579    i.sys_mbox_free     sys_arch.o
    0x0802533a   0x0802533a   0x00000020   Code   RO         7580    i.sys_mbox_new      sys_arch.o
    0x0802535a   0x0802535a   0x00000006   Code   RO         7582    i.sys_mbox_set_invalid  sys_arch.o
    0x08025360   0x08025360   0x0000001e   Code   RO         7583    i.sys_mbox_trypost  sys_arch.o
    0x0802537e   0x0802537e   0x0000000e   Code   RO         7585    i.sys_mbox_valid    sys_arch.o
    0x0802538c   0x0802538c   0x00000012   Code   RO         7587    i.sys_mutex_lock    sys_arch.o
    0x0802539e   0x0802539e   0x00000002   PAD
    0x080253a0   0x080253a0   0x0000003c   Code   RO         7588    i.sys_mutex_new     sys_arch.o
    0x080253dc   0x080253dc   0x00000012   Code   RO         7590    i.sys_mutex_unlock  sys_arch.o
    0x080253ee   0x080253ee   0x00000002   PAD
    0x080253f0   0x080253f0   0x00000014   Code   RO         7591    i.sys_now           sys_arch.o
    0x08025404   0x08025404   0x00000010   Code   RO         7592    i.sys_sem_free      sys_arch.o
    0x08025414   0x08025414   0x0000005c   Code   RO         7593    i.sys_sem_new       sys_arch.o
    0x08025470   0x08025470   0x00000006   Code   RO         7594    i.sys_sem_set_invalid  sys_arch.o
    0x08025476   0x08025476   0x00000002   PAD
    0x08025478   0x08025478   0x0000003c   Code   RO         7595    i.sys_sem_signal    sys_arch.o
    0x080254b4   0x080254b4   0x0000000e   Code   RO         7596    i.sys_sem_valid     sys_arch.o
    0x080254c2   0x080254c2   0x00000002   PAD
    0x080254c4   0x080254c4   0x0000006c   Code   RO         7597    i.sys_thread_new    sys_arch.o
    0x08025530   0x08025530   0x0000006c   Code   RO         9925    i.sys_timeout       timeouts.o
    0x0802559c   0x0802559c   0x000000dc   Code   RO         9926    i.sys_timeout_abs   timeouts.o
    0x08025678   0x08025678   0x00000028   Code   RO         9927    i.sys_timeouts_init  timeouts.o
    0x080256a0   0x080256a0   0x00000068   Code   RO         9928    i.sys_timeouts_sleeptime  timeouts.o
    0x08025708   0x08025708   0x00000018   Code   RO         4505    i.syscfg_enet_phy_interface_config  gd32f4xx_syscfg.o
    0x08025720   0x08025720   0x000000fc   Code   RO            5    i.system_clock_120m_8m_hxtal  system_gd32f4xx.o
    0x0802581c   0x0802581c   0x00000008   Code   RO            6    i.system_clock_config  system_gd32f4xx.o
    0x08025824   0x08025824   0x00000164   Code   RO         9365    i.tcp_abandon       tcp.o
    0x08025988   0x08025988   0x0000000e   Code   RO         9366    i.tcp_abort         tcp.o
    0x08025996   0x08025996   0x00000010   Code   RO         9367    i.tcp_accept        tcp.o
    0x080259a6   0x080259a6   0x00000002   PAD
    0x080259a8   0x080259a8   0x00000044   Code   RO         9368    i.tcp_accept_null   tcp.o
    0x080259ec   0x080259ec   0x000000d4   Code   RO         9369    i.tcp_alloc         tcp.o
    0x08025ac0   0x08025ac0   0x00000006   Code   RO         9370    i.tcp_arg           tcp.o
    0x08025ac6   0x08025ac6   0x00000002   PAD
    0x08025ac8   0x08025ac8   0x00000108   Code   RO         9371    i.tcp_bind          tcp.o
    0x08025bd0   0x08025bd0   0x00000054   Code   RO         9373    i.tcp_close         tcp.o
    0x08025c24   0x08025c24   0x000001a0   Code   RO         9374    i.tcp_close_shutdown  tcp.o
    0x08025dc4   0x08025dc4   0x00000088   Code   RO         9375    i.tcp_close_shutdown_fin  tcp.o
    0x08025e4c   0x08025e4c   0x00000170   Code   RO         9766    i.tcp_create_segment  tcp_out.o
    0x08025fbc   0x08025fbc   0x00000070   Code   RO         9378    i.tcp_eff_send_mss_netif  tcp.o
    0x0802602c   0x0802602c   0x00000240   Code   RO         9767    i.tcp_enqueue_flags  tcp_out.o
    0x0802626c   0x0802626c   0x0000004c   Code   RO         9379    i.tcp_err           tcp.o
    0x080262b8   0x080262b8   0x000000a4   Code   RO         9380    i.tcp_fasttmr       tcp.o
    0x0802635c   0x0802635c   0x00000038   Code   RO         9381    i.tcp_free          tcp.o
    0x08026394   0x08026394   0x000000fc   Code   RO         9686    i.tcp_free_acked_segments  tcp_in.o
    0x08026490   0x08026490   0x00000040   Code   RO         9382    i.tcp_free_listen   tcp.o
    0x080264d0   0x080264d0   0x00000048   Code   RO         9687    i.tcp_get_next_optbyte  tcp_in.o
    0x08026518   0x08026518   0x00000038   Code   RO         9383    i.tcp_handle_closepend  tcp.o
    0x08026550   0x08026550   0x00000002   Code   RO         9384    i.tcp_init          tcp.o
    0x08026552   0x08026552   0x00000002   PAD
    0x08026554   0x08026554   0x000007b4   Code   RO         9688    i.tcp_input         tcp_in.o
    0x08026d08   0x08026d08   0x00000084   Code   RO         9689    i.tcp_input_delayed_close  tcp_in.o
    0x08026d8c   0x08026d8c   0x0000008c   Code   RO         9768    i.tcp_keepalive     tcp_out.o
    0x08026e18   0x08026e18   0x0000006c   Code   RO         9385    i.tcp_kill_prio     tcp.o
    0x08026e84   0x08026e84   0x00000074   Code   RO         9386    i.tcp_kill_state    tcp.o
    0x08026ef8   0x08026ef8   0x00000040   Code   RO         9387    i.tcp_kill_timewait  tcp.o
    0x08026f38   0x08026f38   0x0000006c   Code   RO         9388    i.tcp_listen_closed  tcp.o
    0x08026fa4   0x08026fa4   0x00000198   Code   RO         9690    i.tcp_listen_input  tcp_in.o
    0x0802713c   0x0802713c   0x00000158   Code   RO         9390    i.tcp_listen_with_backlog_and_err  tcp.o
    0x08027294   0x08027294   0x0000004c   Code   RO         9391    i.tcp_netif_ip_addr_changed  tcp.o
    0x080272e0   0x080272e0   0x00000074   Code   RO         9392    i.tcp_netif_ip_addr_changed_pcblist  tcp.o
    0x08027354   0x08027354   0x00000010   Code   RO         9394    i.tcp_new_ip_type   tcp.o
    0x08027364   0x08027364   0x00000068   Code   RO         9395    i.tcp_new_port      tcp.o
    0x080273cc   0x080273cc   0x0000004c   Code   RO         9396    i.tcp_next_iss      tcp.o
    0x08027418   0x08027418   0x00000300   Code   RO         9769    i.tcp_output        tcp_out.o
    0x08027718   0x08027718   0x00000074   Code   RO         9770    i.tcp_output_alloc_header  tcp_out.o
    0x0802778c   0x0802778c   0x000000c0   Code   RO         9771    i.tcp_output_alloc_header_common  tcp_out.o
    0x0802784c   0x0802784c   0x000000ac   Code   RO         9772    i.tcp_output_control_segment  tcp_out.o
    0x080278f8   0x080278f8   0x000000b8   Code   RO         9773    i.tcp_output_fill_options  tcp_out.o
    0x080279b0   0x080279b0   0x000001ec   Code   RO         9774    i.tcp_output_segment  tcp_out.o
    0x08027b9c   0x08027b9c   0x0000004c   Code   RO         9775    i.tcp_output_segment_busy  tcp_out.o
    0x08027be8   0x08027be8   0x000000e4   Code   RO         9691    i.tcp_parseopt      tcp_in.o
    0x08027ccc   0x08027ccc   0x00000104   Code   RO         9776    i.tcp_pbuf_prealloc  tcp_out.o
    0x08027dd0   0x08027dd0   0x00000088   Code   RO         9397    i.tcp_pcb_purge     tcp.o
    0x08027e58   0x08027e58   0x00000128   Code   RO         9398    i.tcp_pcb_remove    tcp.o
    0x08027f80   0x08027f80   0x00000070   Code   RO         9399    i.tcp_poll          tcp.o
    0x08027ff0   0x08027ff0   0x000006d4   Code   RO         9692    i.tcp_process       tcp_in.o
    0x080286c4   0x080286c4   0x000000dc   Code   RO         9400    i.tcp_process_refused_data  tcp.o
    0x080287a0   0x080287a0   0x0000074c   Code   RO         9693    i.tcp_receive       tcp_in.o
    0x08028eec   0x08028eec   0x0000004c   Code   RO         9401    i.tcp_recv          tcp.o
    0x08028f38   0x08028f38   0x00000060   Code   RO         9402    i.tcp_recv_null     tcp.o
    0x08028f98   0x08028f98   0x000000b8   Code   RO         9403    i.tcp_recved        tcp.o
    0x08029050   0x08029050   0x00000054   Code   RO         9404    i.tcp_remove_listener  tcp.o
    0x080290a4   0x080290a4   0x000000a0   Code   RO         9777    i.tcp_rexmit        tcp_out.o
    0x08029144   0x08029144   0x000000ac   Code   RO         9778    i.tcp_rexmit_fast   tcp_out.o
    0x080291f0   0x080291f0   0x00000040   Code   RO         9779    i.tcp_rexmit_rto    tcp_out.o
    0x08029230   0x08029230   0x00000054   Code   RO         9780    i.tcp_rexmit_rto_commit  tcp_out.o
    0x08029284   0x08029284   0x000000c4   Code   RO         9781    i.tcp_rexmit_rto_prepare  tcp_out.o
    0x08029348   0x08029348   0x0000001e   Code   RO         9782    i.tcp_route         tcp_out.o
    0x08029366   0x08029366   0x00000002   PAD
    0x08029368   0x08029368   0x000000c0   Code   RO         9783    i.tcp_rst           tcp_out.o
    0x08029428   0x08029428   0x0000001a   Code   RO         9405    i.tcp_seg_free      tcp.o
    0x08029442   0x08029442   0x00000018   Code   RO         9406    i.tcp_segs_free     tcp.o
    0x0802945a   0x0802945a   0x00000002   PAD
    0x0802945c   0x0802945c   0x000000e0   Code   RO         9784    i.tcp_send_empty_ack  tcp_out.o
    0x0802953c   0x0802953c   0x0000007c   Code   RO         9785    i.tcp_send_fin      tcp_out.o
    0x080295b8   0x080295b8   0x00000048   Code   RO         9407    i.tcp_sent          tcp.o
    0x08029600   0x08029600   0x00000098   Code   RO         9409    i.tcp_shutdown      tcp.o
    0x08029698   0x08029698   0x00000684   Code   RO         9410    i.tcp_slowtmr       tcp.o
    0x08029d1c   0x08029d1c   0x0000025c   Code   RO         9786    i.tcp_split_unsent_seg  tcp_out.o
    0x08029f78   0x08029f78   0x00000038   Code   RO         9930    i.tcp_timer_needed  timeouts.o
    0x08029fb0   0x08029fb0   0x000000dc   Code   RO         9694    i.tcp_timewait_input  tcp_in.o
    0x0802a08c   0x0802a08c   0x00000024   Code   RO         9412    i.tcp_tmr           tcp.o
    0x0802a0b0   0x0802a0b0   0x00000014   Code   RO         9695    i.tcp_trigger_input_pcb_close  tcp_in.o
    0x0802a0c4   0x0802a0c4   0x000000b0   Code   RO         9414    i.tcp_update_rcv_ann_wnd  tcp.o
    0x0802a174   0x0802a174   0x00000814   Code   RO         9787    i.tcp_write         tcp_out.o
    0x0802a988   0x0802a988   0x00000144   Code   RO         9788    i.tcp_write_checks  tcp_out.o
    0x0802aacc   0x0802aacc   0x00000120   Code   RO         9789    i.tcp_zero_window_probe  tcp_out.o
    0x0802abec   0x0802abec   0x000000b8   Code   RO         8387    i.tcpip_init        tcpip.o
    0x0802aca4   0x0802aca4   0x0000006c   Code   RO         8388    i.tcpip_inpkt       tcpip.o
    0x0802ad10   0x0802ad10   0x00000030   Code   RO         8389    i.tcpip_input       tcpip.o
    0x0802ad40   0x0802ad40   0x00000020   Code   RO         8390    i.tcpip_send_msg_wait_sem  tcpip.o
    0x0802ad60   0x0802ad60   0x00000038   Code   RO         9931    i.tcpip_tcp_timer   timeouts.o
    0x0802ad98   0x0802ad98   0x00000074   Code   RO         8391    i.tcpip_thread      tcpip.o
    0x0802ae0c   0x0802ae0c   0x00000088   Code   RO         8392    i.tcpip_thread_handle_msg  tcpip.o
    0x0802ae94   0x0802ae94   0x00000060   Code   RO         8393    i.tcpip_timeouts_mbox_fetch  tcpip.o
    0x0802aef4   0x0802aef4   0x0000000a   Code   RO         4565    i.timer_auto_reload_shadow_enable  gd32f4xx_timer.o
    0x0802aefe   0x0802aefe   0x00000002   PAD
    0x0802af00   0x0802af00   0x000001ec   Code   RO         4582    i.timer_channel_output_config  gd32f4xx_timer.o
    0x0802b0ec   0x0802b0ec   0x0000005a   Code   RO         4584    i.timer_channel_output_mode_config  gd32f4xx_timer.o
    0x0802b146   0x0802b146   0x00000026   Code   RO         4586    i.timer_channel_output_pulse_value_config  gd32f4xx_timer.o
    0x0802b16c   0x0802b16c   0x0000005a   Code   RO         4587    i.timer_channel_output_shadow_config  gd32f4xx_timer.o
    0x0802b1c6   0x0802b1c6   0x00000002   PAD
    0x0802b1c8   0x0802b1c8   0x00000184   Code   RO         4596    i.timer_deinit      gd32f4xx_timer.o
    0x0802b34c   0x0802b34c   0x0000000a   Code   RO         4601    i.timer_enable      gd32f4xx_timer.o
    0x0802b356   0x0802b356   0x00000002   PAD
    0x0802b358   0x0802b358   0x00000098   Code   RO         4611    i.timer_init        gd32f4xx_timer.o
    0x0802b3f0   0x0802b3f0   0x0000000a   Code   RO         4615    i.timer_internal_clock_config  gd32f4xx_timer.o
    0x0802b3fa   0x0802b3fa   0x00000016   Code   RO         4631    i.timer_struct_para_init  gd32f4xx_timer.o
    0x0802b410   0x0802b410   0x0000000a   Code   RO         5312    i.usart_data_receive  gd32f4xx_usart.o
    0x0802b41a   0x0802b41a   0x0000001e   Code   RO         5320    i.usart_flag_get    gd32f4xx_usart.o
    0x0802b438   0x0802b438   0x0000001a   Code   RO         5329    i.usart_interrupt_flag_clear  gd32f4xx_usart.o
    0x0802b452   0x0802b452   0x00000038   Code   RO         5330    i.usart_interrupt_flag_get  gd32f4xx_usart.o
    0x0802b48a   0x0802b48a   0x00000018   Code   RO         6460    i.user_delayMs      user_delay.o
    0x0802b4a2   0x0802b4a2   0x00000016   Code   RO         6461    i.user_delayUs      user_delay.o
    0x0802b4b8   0x0802b4b8   0x00000028   Code   RO        10765    i.uxListRemove      list.o
    0x0802b4e0   0x0802b4e0   0x0000002a   Code   RO        10902    i.uxQueueMessagesWaiting  queue.o
    0x0802b50a   0x0802b50a   0x0000001a   Code   RO        10766    i.vListInitialise   list.o
    0x0802b524   0x0802b524   0x00000006   Code   RO        10767    i.vListInitialiseItem  list.o
    0x0802b52a   0x0802b52a   0x00000034   Code   RO        10768    i.vListInsert       list.o
    0x0802b55e   0x0802b55e   0x00000018   Code   RO        10769    i.vListInsertEnd    list.o
    0x0802b576   0x0802b576   0x00000002   PAD
    0x0802b578   0x0802b578   0x00000054   Code   RO        10814    i.vPortEnterCritical  port.o
    0x0802b5cc   0x0802b5cc   0x0000003c   Code   RO        10815    i.vPortExitCritical  port.o
    0x0802b608   0x0802b608   0x00000094   Code   RO        10699    i.vPortFree         heap_4.o
    0x0802b69c   0x0802b69c   0x00000020   Code   RO        10816    i.vPortSetupTimerInterrupt  port.o
    0x0802b6bc   0x0802b6bc   0x00000078   Code   RO        10817    i.vPortValidateInterruptPriority  port.o
    0x0802b734   0x0802b734   0x00000044   Code   RO        10905    i.vQueueAddToRegistry  queue.o
    0x0802b778   0x0802b778   0x0000003c   Code   RO        10906    i.vQueueDelete      queue.o
    0x0802b7b4   0x0802b7b4   0x00000030   Code   RO        10907    i.vQueueUnregisterQueue  queue.o
    0x0802b7e4   0x0802b7e4   0x0000004a   Code   RO        10908    i.vQueueWaitForMessageRestricted  queue.o
    0x0802b82e   0x0802b82e   0x00000002   PAD
    0x0802b830   0x0802b830   0x00000064   Code   RO        11098    i.vTaskDelay        tasks.o
    0x0802b894   0x0802b894   0x00000108   Code   RO        11100    i.vTaskDelete       tasks.o
    0x0802b99c   0x0802b99c   0x0000000c   Code   RO        11102    i.vTaskMissedYield  tasks.o
    0x0802b9a8   0x0802b9a8   0x00000038   Code   RO        11103    i.vTaskPlaceOnEventList  tasks.o
    0x0802b9e0   0x0802b9e0   0x00000048   Code   RO        11104    i.vTaskPlaceOnEventListRestricted  tasks.o
    0x0802ba28   0x0802ba28   0x000000c0   Code   RO        11106    i.vTaskPriorityInherit  tasks.o
    0x0802bae8   0x0802bae8   0x00000030   Code   RO        11111    i.vTaskSetTimeOutState  tasks.o
    0x0802bb18   0x0802bb18   0x00000094   Code   RO        11112    i.vTaskStartScheduler  tasks.o
    0x0802bbac   0x0802bbac   0x00000010   Code   RO        11114    i.vTaskSuspendAll   tasks.o
    0x0802bbbc   0x0802bbbc   0x000000b0   Code   RO        11115    i.vTaskSwitchContext  tasks.o
    0x0802bc6c   0x0802bc6c   0x0000013c   Code   RO        10818    i.xPortStartScheduler  port.o
    0x0802bda8   0x0802bda8   0x0000005c   Code   RO        10909    i.xQueueCreateCountingSemaphore  queue.o
    0x0802be04   0x0802be04   0x00000022   Code   RO        10910    i.xQueueCreateMutex  queue.o
    0x0802be26   0x0802be26   0x00000058   Code   RO        10911    i.xQueueGenericCreate  queue.o
    0x0802be7e   0x0802be7e   0x00000002   PAD
    0x0802be80   0x0802be80   0x00000244   Code   RO        10912    i.xQueueGenericReceive  queue.o
    0x0802c0c4   0x0802c0c4   0x00000098   Code   RO        10913    i.xQueueGenericReset  queue.o
    0x0802c15c   0x0802c15c   0x000001ec   Code   RO        10914    i.xQueueGenericSend  queue.o
    0x0802c348   0x0802c348   0x0000011c   Code   RO        10915    i.xQueueGenericSendFromISR  queue.o
    0x0802c464   0x0802c464   0x00000104   Code   RO        10916    i.xQueueGiveFromISR  queue.o
    0x0802c568   0x0802c568   0x0000008c   Code   RO        11117    i.xTaskCheckForTimeOut  tasks.o
    0x0802c5f4   0x0802c5f4   0x00000060   Code   RO        11118    i.xTaskCreate       tasks.o
    0x0802c654   0x0802c654   0x00000020   Code   RO        11122    i.xTaskGetSchedulerState  tasks.o
    0x0802c674   0x0802c674   0x0000000c   Code   RO        11123    i.xTaskGetTickCount  tasks.o
    0x0802c680   0x0802c680   0x00000134   Code   RO        11125    i.xTaskIncrementTick  tasks.o
    0x0802c7b4   0x0802c7b4   0x000000d8   Code   RO        11126    i.xTaskPriorityDisinherit  tasks.o
    0x0802c88c   0x0802c88c   0x000000a0   Code   RO        11127    i.xTaskRemoveFromEventList  tasks.o
    0x0802c92c   0x0802c92c   0x0000010c   Code   RO        11129    i.xTaskResumeAll    tasks.o
    0x0802ca38   0x0802ca38   0x00000030   Code   RO        11405    i.xTimerCreate      timers.o
    0x0802ca68   0x0802ca68   0x00000058   Code   RO        11406    i.xTimerCreateTimerTask  timers.o
    0x0802cac0   0x0802cac0   0x00000084   Code   RO        11407    i.xTimerGenericCommand  timers.o
    0x0802cb44   0x0802cb44   0x0000008c   Data   RO         7362    .constdata          user_ethcommunication.o
    0x0802cbd0   0x0802cbd0   0x00000003   Data   RO         8024    .constdata          api_msg.o
    0x0802cbd3   0x0802cbd3   0x00000001   PAD
    0x0802cbd4   0x0802cbd4   0x000000f0   Data   RO         8837    .constdata          memp.o
    0x0802ccc4   0x0802ccc4   0x00000050   Data   RO         9415    .constdata          tcp.o
    0x0802cd14   0x0802cd14   0x0000001c   Data   RO         9932    .constdata          timeouts.o
    0x0802cd30   0x0802cd30   0x00000008   Data   RO        10272    .constdata          ip4_addr.o
    0x0802cd38   0x0802cd38   0x0000000c   Data   RO        10448    .constdata          ethernet.o
    0x0802cd44   0x0802cd44   0x00000010   Data   RO        11755    .constdata          segger_rtt_printf.o
    0x0802cd54   0x0802cd54   0x0000001a   Data   RO        11866    .constdata          segger_sysview.o
    0x0802cd6e   0x0802cd6e   0x00000002   PAD
    0x0802cd70   0x0802cd70   0x000000b3   Data   RO         7363    .conststring        user_ethcommunication.o
    0x0802ce23   0x0802ce23   0x00000001   PAD
    0x0802ce24   0x0802ce24   0x00000041   Data   RO         8675    .conststring        init.o
    0x0802ce65   0x0802ce65   0x00000003   PAD
    0x0802ce68   0x0802ce68   0x00000090   Data   RO         8838    .conststring        memp.o
    0x0802cef8   0x0802cef8   0x0000006d   Data   RO         9416    .conststring        tcp.o
    0x0802cf65   0x0802cf65   0x00000003   PAD
    0x0802cf68   0x0802cf68   0x00000055   Data   RO         9790    .conststring        tcp_out.o
    0x0802cfbd   0x0802cfbd   0x00000003   PAD
    0x0802cfc0   0x0802cfc0   0x00000041   Data   RO        10063    .conststring        etharp.o
    0x0802d001   0x0802d001   0x00000003   PAD
    0x0802d004   0x0802d004   0x00000050   Data   RO        12313    .conststring        segger_sysview_freertos.o
    0x0802d054   0x0802d054   0x00000030   Data   RO        12747    Region$$Table       anon$$obj.o


    Execution Region RW_IRAM2 (Exec base: 0x10000000, Load base: 0x0802d09c, Size: 0x00008214, Max: 0x00010000, ABSOLUTE, COMPRESSED[0x00000108])

    Exec Addr    Load Addr    Size         Type   Attr      Idx    E Section Name        Object

    0x10000000   COMPRESSED   0x00008214   Data   RW         5653    CCMRAM_SendData     main.o


    Execution Region RW_IRAM1 (Exec base: 0x20000000, Load base: 0x0802d084, Size: 0x0001f6e0, Max: 0x00020000, ABSOLUTE, COMPRESSED[0x00000018])

    Exec Addr    Load Addr    Size         Type   Attr      Idx    E Section Name        Object

    0x20000000   COMPRESSED   0x00000004   Data   RW            7    .data               system_gd32f4xx.o
    0x20000004   COMPRESSED   0x00000014   Data   RW         1539    .data               gd32f4xx_enet.o
    0x20000018   COMPRESSED   0x00000018   Data   RW         5959    .data               user_task.o
    0x20000030   COMPRESSED   0x00000008   Data   RW         6176    .data               user_systype.o
    0x20000038   COMPRESSED   0x00000002   Data   RW         6864    .data               gd485.o
    0x2000003a   COMPRESSED   0x00000002   PAD
    0x2000003c   COMPRESSED   0x00000004   Data   RW         6996    .data               gd32f4xx_enet_eval.o
    0x20000040   COMPRESSED   0x00000004   Data   RW         7180    .data               user_updata.o
    0x20000044   COMPRESSED   0x00000008   Data   RW         7223    .data               user_tcp_server.o
    0x2000004c   COMPRESSED   0x00000002   Data   RW         7364    .data               user_ethcommunication.o
    0x2000004e   COMPRESSED   0x00000002   PAD
    0x20000050   COMPRESSED   0x0000000c   Data   RW         7516    .data               ethernetif.o
    0x2000005c   COMPRESSED   0x00000028   Data   RW         7599    .data               sys_arch.o
    0x20000084   COMPRESSED   0x00000010   Data   RW         8395    .data               tcpip.o
    0x20000094   COMPRESSED   0x00000010   Data   RW         8770    .data               mem.o
    0x200000a4   COMPRESSED   0x00000030   Data   RW         8839    .data               memp.o
    0x200000d4   COMPRESSED   0x00000009   Data   RW         8955    .data               netif.o
    0x200000dd   COMPRESSED   0x00000003   PAD
    0x200000e0   COMPRESSED   0x00000020   Data   RW         9417    .data               tcp.o
    0x20000100   COMPRESSED   0x00000028   Data   RW         9697    .data               tcp_in.o
    0x20000128   COMPRESSED   0x0000000c   Data   RW         9933    .data               timeouts.o
    0x20000134   COMPRESSED   0x00000001   Data   RW        10064    .data               etharp.o
    0x20000135   COMPRESSED   0x00000001   PAD
    0x20000136   COMPRESSED   0x00000002   Data   RW        10210    .data               ip4.o
    0x20000138   COMPRESSED   0x00000006   Data   RW        10340    .data               ip4_frag.o
    0x2000013e   COMPRESSED   0x00000002   PAD
    0x20000140   COMPRESSED   0x00000018   Data   RW        10704    .data               heap_4.o
    0x20000158   COMPRESSED   0x0000000c   Data   RW        10819    .data               port.o
    0x20000164   COMPRESSED   0x0000003c   Data   RW        11132    .data               tasks.o
    0x200001a0   COMPRESSED   0x00000014   Data   RW        11413    .data               timers.o
    0x200001b4   COMPRESSED   0x00000015   Data   RW        11867    .data               segger_sysview.o
    0x200001c9   COMPRESSED   0x00000003   PAD
    0x200001cc   COMPRESSED   0x00000004   Data   RW        12314    .data               segger_sysview_freertos.o
    0x200001d0   COMPRESSED   0x00000004   Data   RW        12714    .data               mc_w.l(stdout.o)
    0x200001d4        -       0x00003c64   Zero   RW         1537    .bss                gd32f4xx_enet.o
    0x20003e38        -       0x00000190   Zero   RW         5652    .bss                main.o
    0x20003fc8        -       0x00001f54   Zero   RW         5848    .bss                user_samp.o
    0x20005f1c        -       0x00000bc8   Zero   RW         6175    .bss                user_systype.o
    0x20006ae4        -       0x0000000a   Zero   RW         6412    .bss                user_cpld.o
    0x20006aee        -       0x0000000a   Zero   RW         6863    .bss                gd485.o
    0x20006af8        -       0x00000050   Zero   RW         7598    .bss                sys_arch.o
    0x20006b48        -       0x00000018   Zero   RW         8740    .bss                ip.o
    0x20006b60        -       0x00002813   Zero   RW         8769    .bss                mem.o
    0x20009373        -       0x000088a4   Zero   RW         8836    .bss                memp.o
    0x20011c17   COMPRESSED   0x00000001   PAD
    0x20011c18        -       0x00000014   Zero   RW         9696    .bss                tcp_in.o
    0x20011c2c        -       0x000000f0   Zero   RW        10062    .bss                etharp.o
    0x20011d1c        -       0x0000c800   Zero   RW        10703    .bss                heap_4.o
    0x2001e51c        -       0x00000050   Zero   RW        10923    .bss                queue.o
    0x2001e56c        -       0x000002e4   Zero   RW        11131    .bss                tasks.o
    0x2001e850        -       0x00000028   Zero   RW        11412    .bss                timers.o
    0x2001e878        -       0x000004b8   Zero   RW        11554    .bss                segger_rtt.o
    0x2001ed30        -       0x0000050b   Zero   RW        11865    .bss                segger_sysview.o
    0x2001f23b   COMPRESSED   0x00000001   PAD
    0x2001f23c        -       0x000000a0   Zero   RW        12311    .bss                segger_sysview_freertos.o
    0x2001f2dc   COMPRESSED   0x00000004   PAD
    0x2001f2e0        -       0x00000400   Zero   RW          152    STACK               startup_gd32f407_427.o


==============================================================================

Image component sizes


      Code (inc. data)   RO Data    RW Data    ZI Data      Debug   Object Name

       962         64          0          0          0       5178   ad7606.o
      2196        584          0          0          0      32590   api_lib.o
      5142       1264          3          0          0      34332   api_msg.o
         2          0          0          0          0        528   capturefrequence.o
        64          0          0          0          0       1100   conrelay.o
         0          0          0          0          0       7208   croutine.o
        38          0          0          0          0       1098   def.o
      2448        108          0          0          0       7705   epwm.o
      3156        532         65          1        240      12047   etharp.o
       380         58         12          0          0       2698   ethernet.o
       672         94          0         12          0       9539   ethernetif.o
         0          0          0          0          0      10320   event_groups.o
      1476         42          0          0          0       5254   fpga.o
      2574        242          0         20      15460      17156   gd32f4xx_enet.o
       598         24          0          4          0       2908   gd32f4xx_enet_eval.o
       250          4          0          0          0       4302   gd32f4xx_exmc.o
       508         42          0          0          0       5453   gd32f4xx_fmc.o
       284          0          0          0          0       5251   gd32f4xx_gpio.o
        70         10          0          0          0      26953   gd32f4xx_it.o
       216         20          0          0          0       1528   gd32f4xx_misc.o
        20          6          0          0          0        570   gd32f4xx_pmu.o
       916         68          0          0          0       7723   gd32f4xx_rcu.o
       688         36          0          0          0       5039   gd32f4xx_rtc.o
        24          6          0          0          0        671   gd32f4xx_syscfg.o
      1302         52          0          0          0       7636   gd32f4xx_timer.o
       122          0          0          0          0       2902   gd32f4xx_usart.o
       104         22          0          2         10       1157   gd485.o
       692         62          0         24      51200      12215   heap_4.o
       896        158          0          0          0       4794   icmp.o
         0          0          0          0          0       2084   if_api.o
       452          0          0          0          0       5236   inet_chksum.o
        60          4         65          0          0       1308   init.o
         0          0          0          0         24       3194   ip.o
      1162         90          0          2          0       5704   ip4.o
        78          0          8          0          0       8538   ip4_addr.o
      2754        498          0          6          0      12350   ip4_frag.o
       148          0          0          0          0       3398   list.o
        88         26          0      33300        400      28271   main.o
      2092        660          0         16      10259       8129   mem.o
       428        148        384         48      34980      10786   memp.o
        32          0          0          0          0       9908   netbuf.o
      1242        314          0          9          0      14478   netif.o
      2708        814          0          0          0      14611   pbuf.o
       954         92          0         12          0      11181   port.o
      2700         24          0          0         80      21781   queue.o
       870         56          0          0       1208      12007   segger_rtt.o
      1286         10         16          0          0       6105   segger_rtt_printf.o
      2956        170         26         21       1291      31586   segger_sysview.o
       494         32         80          4        160       3718   segger_sysview_freertos.o
       708         38          0          0          0       2006   sgm4588.o
      1742        132          0          0          0       6025   sgm5349.o
        36          8        392          0       1024        904   startup_gd32f407_427.o
      1138        214          0         40         80      16086   sys_arch.o
       460         28          0          4          0     146203   system_gd32f4xx.o
      3216        426          0         60        740      23515   tasks.o
      6588       1850        189         32          0      41992   tcp.o
      6920       1266          0         40         20      21195   tcp_in.o
      7874       2036         85          0          0      33522   tcp_out.o
       720        218          0         16          0       8001   tcpip.o
       748        216         28         12          0       7407   timeouts.o
      1268        118          0         20         40      11354   timers.o
      1348         88          0          0          0       4866   user_alarm.o
      4104         42          0          0          0       5047   user_all_gpio_init.o
      3276        202          0          0          0      10328   user_cali.o
      2072         34          0          0         10       5487   user_cpld.o
        46          0          0          0          0       1282   user_delay.o
        30          6          0          0          0       1049   user_eth.o
      9224        322        319          2          0      28318   user_ethcommunication.o
      4176        192          0          0          0       9817   user_pc_data.o
       512         36          0          0          0       1527   user_programctrl.o
      9776        400          0          0       8020      14096   user_samp.o
         0          0          0          8       3016       6432   user_systype.o
      1028        132          0         24          0      30106   user_task.o
       208         44          0          8          0      23812   user_tcp_server.o
       640         24          0          0          0       5009   user_time.o
       222         42          0          4          0       3608   user_updata.o

    ----------------------------------------------------------------------
    114484      14550       1736      33764     128268     919222   Object Totals
         0          0         48          0          0          0   (incl. Generated)
       100          0         16         13          6          0   (incl. Padding)

    ----------------------------------------------------------------------

      Code (inc. data)   RO Data    RW Data    ZI Data      Debug   Library Member Name

        86          0          0          0          0          0   __dczerorl2.o
         0          0          0          0          0          0   entry.o
         0          0          0          0          0          0   entry10a.o
         0          0          0          0          0          0   entry11a.o
         8          4          0          0          0          0   entry2.o
         4          0          0          0          0          0   entry5.o
         0          0          0          0          0          0   entry7b.o
         0          0          0          0          0          0   entry8b.o
         8          4          0          0          0          0   entry9a.o
        30          0          0          0          0          0   handlers.o
        36          8          0          0          0         68   init.o
         0          0          0          0          0          0   iusefp.o
        30          0          0          0          0         68   llshl.o
        36          0          0          0          0         68   llsshr.o
        32          0          0          0          0         68   llushr.o
        26          0          0          0          0         80   memcmp.o
        64          0          0          0          0         76   memmovea.o
        36          0          0          0          0        108   memseta.o
       736         56          0          0          0        184   printf5.o
         0          0          0          4          0          0   stdout.o
        18          0          0          0          0         68   strcpy.o
        98          0          0          0          0         92   uldiv.o
        48          0          0          0          0         68   cdcmple.o
        48          0          0          0          0         68   cdrcmple.o
        56          0          0          0          0         88   d2f.o
       334          0          0          0          0        148   dadd.o
       222          0          0          0          0        100   ddiv.o
       186          0          0          0          0        176   depilogue.o
        62          0          0          0          0         80   dfixi.o
        50          0          0          0          0         76   dfixui.o
        34          0          0          0          0         76   dflti.o
        26          0          0          0          0         76   dfltui.o
       228          0          0          0          0         96   dmul.o
        38          0          0          0          0         68   f2d.o
       110          0          0          0          0        168   fepilogue.o

    ----------------------------------------------------------------------
      2696         72          0          4          0       2168   Library Totals
         6          0          0          0          0          0   (incl. Padding)

    ----------------------------------------------------------------------

      Code (inc. data)   RO Data    RW Data    ZI Data      Debug   Library Name

      1248         72          0          4          0        880   mc_w.l
      1442          0          0          0          0       1288   mf_w.l

    ----------------------------------------------------------------------
      2696         72          0          4          0       2168   Library Totals

    ----------------------------------------------------------------------

==============================================================================


      Code (inc. data)   RO Data    RW Data    ZI Data      Debug   

    117180      14622       1736      33768     128268     863582   Grand Totals
    117180      14622       1736        288     128268     863582   ELF Image Totals (compressed)
    117180      14622       1736        288          0          0   ROM Totals

==============================================================================

    Total RO  Size (Code + RO Data)               118916 ( 116.13kB)
    Total RW  Size (RW Data + ZI Data)            162036 ( 158.24kB)
    Total ROM Size (Code + RO Data + RW Data)     119204 ( 116.41kB)

==============================================================================

